This file contains any messages produced by compilers while
running configure, to aid debugging if configure makes a mistake.

It was created by configure, which was
generated by GNU Autoconf 2.69.  Invocation command line was

  $ ../configure --target=x86_64-andraos --prefix=/opt/andraos --disable-newlib-supplied-syscalls --disable-nls

## --------- ##
## Platform. ##
## --------- ##

hostname = VICTUS-15
uname -m = x86_64
uname -r = 3.6.7-f2802c5f.x86_64
uname -s = MSYS_NT-10.0-26200
uname -v = 2026-03-15 08:40 UTC

/usr/bin/uname -p = unknown
/bin/uname -X     = unknown

/bin/arch              = x86_64
/usr/bin/arch -k       = unknown
/usr/convex/getsysinfo = unknown
/usr/bin/hostinfo      = unknown
/bin/machine           = unknown
/usr/bin/oslevel       = unknown
/bin/universe          = unknown

PATH: /usr/bin
PATH: /opt/andraos/bin


## ----------- ##
## Core tests. ##
## ----------- ##

configure:2185: loading site script /etc/config.site
| # This file is in public domain.
| # Original author: Karlson2k (Evgeny Grin)
| # Written for MSys2 to help running 'configure' scripts
| 
| # Defaults for MSys2/MinGW64-targeted programs
| 
| # Set proper selfname on bash and fallback to default name on other shells
| test -n "${BASH_SOURCE}" 2>/dev/null && config_site_me="${BASH_SOURCE[0]##*/}" || config_site_me=config.site
| 
| # Set default 'host' to speedup configure
| if test -z "$build_alias"; then
|   build_alias="${MSYSTEM_CHOST}"  && \
|     ${as_echo-echo} "$config_site_me:${as_lineno-$LINENO}: default build_alias set to $build_alias" >&5
| fi
| 
| # Set default 'prefix'
| if ( test -z "$prefix" || test "x$prefix" = "xNONE" ) && \
|     ( test -z "$exec_prefix" || test "x$exec_prefix" = "xNONE" ); then
|   prefix="${MSYSTEM_PREFIX}" && \
|     ${as_echo-echo} "$config_site_me:${as_lineno-$LINENO}: default prefix set to $prefix" >&5
| fi
config.site:13: default build_alias set to x86_64-pc-cygwin
configure:2349: checking build system type
configure:2363: result: x86_64-pc-cygwin
configure:2410: checking host system type
configure:2423: result: x86_64-pc-cygwin
configure:2443: checking target system type
configure:2456: result: x86_64-pc-andraos
configure:2510: checking for a BSD-compatible install
configure:2578: result: /usr/bin/install -c
configure:2589: checking whether ln works
configure:2611: result: yes
configure:2615: checking whether ln -s works
configure:2622: result: no, using cp -pR
configure:2626: checking for a sed that does not truncate output
configure:2690: result: /usr/bin/sed
configure:2699: checking for gawk
configure:2715: found /usr/bin/gawk
configure:2726: result: gawk
configure:4043: checking to see if cat works as expected
configure:4048: result: yes
configure:4169: checking for gcc
configure:4185: found /usr/bin/gcc
configure:4196: result: gcc
configure:4425: checking for C compiler version
configure:4434: gcc --version >&5
gcc (GCC) 15.2.0
Copyright (C) 2025 Free Software Foundation, Inc.
This is free software; see the source for copying conditions.  There is NO
warranty; not even for MERCHANTABILITY or FITNESS FOR A PARTICULAR PURPOSE.

configure:4445: $? = 0
configure:4434: gcc -v >&5
Using built-in specs.
COLLECT_GCC=gcc
COLLECT_LTO_WRAPPER=/usr/lib/gcc/x86_64-pc-cygwin/15.2.0/lto-wrapper.exe
Target: x86_64-pc-cygwin
Configured with: /d/S/B/src/gcc-15.2.0/configure --build=x86_64-pc-cygwin --prefix=/usr --libexecdir=/usr/lib --enable-bootstrap --enable-static --enable-shared --enable-shared-libgcc --enable-version-specific-runtime-libs --with-arch=nocona --with-tune=generic --disable-multilib --enable-__cxa_atexit --with-dwarf2 --enable-languages=c,c++,lto --enable-graphite --enable-threads=posix --enable-libatomic --enable-libgomp --disable-libitm --enable-libquadmath --enable-libquadmath-support --disable-libssp --disable-win32-registry --disable-symvers --with-gnu-ld --with-gnu-as --disable-isl-version-check --enable-checking=release --without-libiconv-prefix --without-libintl-prefix --with-system-zlib --enable-linker-build-id --enable-libstdcxx-filesystem-ts
Thread model: posix
Supported LTO compression algorithms: zlib
gcc version 15.2.0 (GCC) 
configure:4445: $? = 0
configure:4434: gcc -V >&5
gcc: error: unrecognized command-line option '-V'
gcc: fatal error: no input files
compilation terminated.
configure:4445: $? = 1
configure:4434: gcc -qversion >&5
gcc: error: unrecognized command-line option '-qversion'; did you mean '--version'?
gcc: fatal error: no input files
compilation terminated.
configure:4445: $? = 1
configure:4465: checking whether the C compiler works
configure:4487: gcc    conftest.c  >&5
configure:4491: $? = 0
configure:4539: result: yes
configure:4542: checking for C compiler default output file name
configure:4544: result: a.exe
configure:4550: checking for suffix of executables
configure:4557: gcc -o conftest.exe    conftest.c  >&5
configure:4561: $? = 0
configure:4583: result: .exe
configure:4605: checking whether we are cross compiling
configure:4613: gcc -o conftest.exe    conftest.c  >&5
configure:4617: $? = 0
configure:4624: ./conftest.exe
configure:4628: $? = 0
configure:4643: result: no
configure:4648: checking for suffix of object files
configure:4670: gcc -c   conftest.c >&5
configure:4674: $? = 0
configure:4695: result: o
configure:4699: checking whether we are using the GNU C compiler
configure:4718: gcc -c   conftest.c >&5
configure:4718: $? = 0
configure:4727: result: yes
configure:4736: checking whether gcc accepts -g
configure:4756: gcc -c -g  conftest.c >&5
configure:4756: $? = 0
configure:4797: result: yes
configure:4814: checking for gcc option to accept ISO C89
configure:4877: gcc  -c -g -O2  conftest.c >&5
conftest.c: In function 'e':
conftest.c:15:14: warning: old-style function definition [-Wold-style-definition]
   15 | static char *e (p, i)
      |              ^
configure:4877: $? = 0
configure:4890: result: none needed
configure:4968: checking for g++
configure:4984: found /usr/bin/g++
configure:4995: result: g++
configure:5022: checking for C++ compiler version
configure:5031: g++ --version >&5
g++ (GCC) 15.2.0
Copyright (C) 2025 Free Software Foundation, Inc.
This is free software; see the source for copying conditions.  There is NO
warranty; not even for MERCHANTABILITY or FITNESS FOR A PARTICULAR PURPOSE.

configure:5042: $? = 0
configure:5031: g++ -v >&5
Using built-in specs.
COLLECT_GCC=g++
COLLECT_LTO_WRAPPER=/usr/lib/gcc/x86_64-pc-cygwin/15.2.0/lto-wrapper.exe
Target: x86_64-pc-cygwin
Configured with: /d/S/B/src/gcc-15.2.0/configure --build=x86_64-pc-cygwin --prefix=/usr --libexecdir=/usr/lib --enable-bootstrap --enable-static --enable-shared --enable-shared-libgcc --enable-version-specific-runtime-libs --with-arch=nocona --with-tune=generic --disable-multilib --enable-__cxa_atexit --with-dwarf2 --enable-languages=c,c++,lto --enable-graphite --enable-threads=posix --enable-libatomic --enable-libgomp --disable-libitm --enable-libquadmath --enable-libquadmath-support --disable-libssp --disable-win32-registry --disable-symvers --with-gnu-ld --with-gnu-as --disable-isl-version-check --enable-checking=release --without-libiconv-prefix --without-libintl-prefix --with-system-zlib --enable-linker-build-id --enable-libstdcxx-filesystem-ts
Thread model: posix
Supported LTO compression algorithms: zlib
gcc version 15.2.0 (GCC) 
configure:5042: $? = 0
configure:5031: g++ -V >&5
g++: error: unrecognized command-line option '-V'
g++: fatal error: no input files
compilation terminated.
configure:5042: $? = 1
configure:5031: g++ -qversion >&5
g++: error: unrecognized command-line option '-qversion'; did you mean '--version'?
g++: fatal error: no input files
compilation terminated.
configure:5042: $? = 1
configure:5046: checking whether we are using the GNU C++ compiler
configure:5065: g++ -c   conftest.cpp >&5
configure:5065: $? = 0
configure:5074: result: yes
configure:5083: checking whether g++ accepts -g
configure:5103: g++ -c -g  conftest.cpp >&5
configure:5103: $? = 0
configure:5144: result: yes
configure:5193: checking whether g++ accepts -static-libstdc++ -static-libgcc
configure:5210: g++ -o conftest.exe -g -O2   -static-libstdc++ -static-libgcc conftest.cpp  >&5
configure:5210: $? = 0
configure:5211: result: yes
configure:5275: checking for gnatbind
configure:5305: result: no
configure:5367: checking for gnatmake
configure:5397: result: no
configure:5416: checking whether compiler driver understands Ada
configure:5439: result: no
configure:5448: checking how to compare bootstrapped objects
configure:5473: result: cmp --ignore-initial=16 $$f1 $$f2
configure:5533: checking for objdir
configure:5548: result: .libs
configure:6092: checking for isl 0.16, 0.15, or deprecated 0.14
configure:6105: gcc -o conftest.exe -g -O2      -lisl -lmpc -lmpfr -lgmp conftest.c  -lisl -lgmp >&5
conftest.c:10:10: fatal error: isl/ctx.h: No such file or directory
   10 | #include <isl/ctx.h>
      |          ^~~~~~~~~~~
compilation terminated.
configure:6105: $? = 1
configure: failed program was:
| /* confdefs.h */
| #define PACKAGE_NAME ""
| #define PACKAGE_TARNAME ""
| #define PACKAGE_VERSION ""
| #define PACKAGE_STRING ""
| #define PACKAGE_BUGREPORT ""
| #define PACKAGE_URL ""
| #define LT_OBJDIR ".libs/"
| /* end confdefs.h.  */
| #include <isl/ctx.h>
| int
| main ()
| {
| isl_ctx_get_max_operations (isl_ctx_alloc ());
|   ;
|   return 0;
| }
configure:6112: result: no
configure:6116: result: recommended isl version is 0.16 or 0.15, the minimum required isl version 0.14 is deprecated
configure:6120: checking for isl 0.16 or 0.15
configure:6133: gcc -o conftest.exe -g -O2      -lisl -lmpc -lmpfr -lgmp conftest.c  -lisl -lgmp >&5
conftest.c:10:10: fatal error: isl/schedule.h: No such file or directory
   10 | #include <isl/schedule.h>
      |          ^~~~~~~~~~~~~~~~
compilation terminated.
configure:6133: $? = 1
configure: failed program was:
| /* confdefs.h */
| #define PACKAGE_NAME ""
| #define PACKAGE_TARNAME ""
| #define PACKAGE_VERSION ""
| #define PACKAGE_STRING ""
| #define PACKAGE_BUGREPORT ""
| #define PACKAGE_URL ""
| #define LT_OBJDIR ".libs/"
| /* end confdefs.h.  */
| #include <isl/schedule.h>
| int
| main ()
| {
| isl_options_set_schedule_serialize_sccs (NULL, 0);
|   ;
|   return 0;
| }
configure:6140: result: no
configure:7158: checking for default BUILD_CONFIG
configure:7190: result: 
configure:7195: checking for --enable-vtable-verify
configure:7208: result: no
configure:7814: checking for bison
configure:7830: found /usr/bin/bison
configure:7841: result: bison -y
configure:7861: checking for bison
configure:7877: found /usr/bin/bison
configure:7888: result: bison
configure:7908: checking for gm4
configure:7938: result: no
configure:7908: checking for gnum4
configure:7938: result: no
configure:7908: checking for m4
configure:7924: found /usr/bin/m4
configure:7935: result: m4
configure:7955: checking for flex
configure:7971: found /usr/bin/flex
configure:7982: result: flex
configure:8003: checking for flex
configure:8019: found /usr/bin/flex
configure:8030: result: flex
configure:8050: checking for makeinfo
configure:8066: found /usr/bin/makeinfo
configure:8077: result: makeinfo
configure:8111: checking for expect
configure:8141: result: no
configure:8160: checking for runtest
configure:8190: result: no
configure:8305: checking for ar
configure:8321: found /usr/bin/ar
configure:8332: result: ar
configure:8446: checking for as
configure:8462: found /usr/bin/as
configure:8473: result: as
configure:8587: checking for dlltool
configure:8603: found /usr/bin/dlltool
configure:8614: result: dlltool
configure:8647: checking for ld
configure:8674: result: /usr/lib/gcc/x86_64-pc-cygwin/15.2.0/../../../../x86_64-pc-cygwin/bin/ld.exe
configure:8869: checking for lipo
configure:8899: result: no
configure:9010: checking for nm
configure:9026: found /usr/bin/nm
configure:9037: result: nm
configure:9151: checking for ranlib
configure:9167: found /usr/bin/ranlib
configure:9178: result: ranlib
configure:9287: checking for strip
configure:9303: found /usr/bin/strip
configure:9314: result: strip
configure:9423: checking for windres
configure:9439: found /usr/bin/windres
configure:9450: result: windres
configure:9564: checking for windmc
configure:9580: found /usr/bin/windmc
configure:9591: result: windmc
configure:9705: checking for objcopy
configure:9721: found /usr/bin/objcopy
configure:9732: result: objcopy
configure:9846: checking for objdump
configure:9862: found /usr/bin/objdump
configure:9873: result: objdump
configure:9987: checking for readelf
configure:10003: found /usr/bin/readelf
configure:10014: result: readelf
configure:10040: checking for -plugin option
configure:10163: result: no
configure:10268: checking for x86_64-andraos-cc
configure:10298: result: no
configure:10268: checking for x86_64-andraos-gcc
configure:10284: found /opt/andraos/bin/x86_64-andraos-gcc
configure:10295: result: x86_64-andraos-gcc
configure:10429: checking for x86_64-andraos-c++
configure:10445: found /opt/andraos/bin/x86_64-andraos-c++
configure:10456: result: x86_64-andraos-c++
configure:10590: checking for x86_64-andraos-gcc
configure:10606: found /opt/andraos/bin/x86_64-andraos-gcc
configure:10617: result: x86_64-andraos-gcc
configure:10746: checking for x86_64-andraos-gcj
configure:10776: result: no
configure:10907: checking for x86_64-andraos-gfortran
configure:10937: result: no
configure:11068: checking for x86_64-andraos-gccgo
configure:11098: result: no
configure:11309: checking for x86_64-andraos-ar
configure:11325: found /opt/andraos/bin/x86_64-andraos-ar
configure:11336: result: x86_64-andraos-ar
configure:11539: checking for x86_64-andraos-as
configure:11555: found /opt/andraos/bin/x86_64-andraos-as
configure:11566: result: x86_64-andraos-as
configure:11769: checking for x86_64-andraos-dlltool
configure:11799: result: no
configure:11999: checking for x86_64-andraos-ld
configure:12015: found /opt/andraos/bin/x86_64-andraos-ld
configure:12026: result: x86_64-andraos-ld
configure:12229: checking for x86_64-andraos-lipo
configure:12259: result: no
configure:12459: checking for x86_64-andraos-nm
configure:12475: found /opt/andraos/bin/x86_64-andraos-nm
configure:12486: result: x86_64-andraos-nm
configure:12689: checking for x86_64-andraos-objcopy
configure:12705: found /opt/andraos/bin/x86_64-andraos-objcopy
configure:12716: result: x86_64-andraos-objcopy
configure:12919: checking for x86_64-andraos-objdump
configure:12935: found /opt/andraos/bin/x86_64-andraos-objdump
configure:12946: result: x86_64-andraos-objdump
configure:13149: checking for x86_64-andraos-ranlib
configure:13165: found /opt/andraos/bin/x86_64-andraos-ranlib
configure:13176: result: x86_64-andraos-ranlib
configure:13379: checking for x86_64-andraos-readelf
configure:13395: found /opt/andraos/bin/x86_64-andraos-readelf
configure:13406: result: x86_64-andraos-readelf
configure:13609: checking for x86_64-andraos-strip
configure:13625: found /opt/andraos/bin/x86_64-andraos-strip
configure:13636: result: x86_64-andraos-strip
configure:13839: checking for x86_64-andraos-windres
configure:13869: result: no
configure:14069: checking for x86_64-andraos-windmc
configure:14099: result: no
configure:14166: checking where to find the target ar
configure:14203: result: pre-installed
configure:14208: checking where to find the target as
configure:14245: result: pre-installed
configure:14250: checking where to find the target cc
configure:14287: result: pre-installed
configure:14292: checking where to find the target c++
configure:14332: result: pre-installed
configure:14337: checking where to find the target c++ for libstdc++
configure:14377: result: pre-installed
configure:14382: checking where to find the target dlltool
configure:14419: result: pre-installed
configure:14424: checking where to find the target gcc
configure:14461: result: pre-installed
configure:14466: checking where to find the target gcj
configure:14506: result: pre-installed
configure:14511: checking where to find the target gfortran
configure:14551: result: pre-installed
configure:14556: checking where to find the target gccgo
configure:14596: result: pre-installed
configure:14601: checking where to find the target ld
configure:14638: result: pre-installed
configure:14643: checking where to find the target lipo
configure:14669: result: pre-installed
configure:14674: checking where to find the target nm
configure:14711: result: pre-installed
configure:14716: checking where to find the target objcopy
configure:14753: result: pre-installed
configure:14758: checking where to find the target objdump
configure:14795: result: pre-installed
configure:14800: checking where to find the target ranlib
configure:14837: result: pre-installed
configure:14842: checking where to find the target readelf
configure:14879: result: pre-installed
configure:14884: checking where to find the target strip
configure:14921: result: pre-installed
configure:14926: checking where to find the target windres
configure:14963: result: pre-installed
configure:14968: checking where to find the target windmc
configure:15005: result: pre-installed
configure:15038: checking whether to enable maintainer-specific portions of Makefiles
configure:15047: result: no
configure:15317: creating ./config.status

## ---------------------- ##
## Running config.status. ##
## ---------------------- ##

This file was extended by config.status, which was
generated by GNU Autoconf 2.69.  Invocation command line was

  CONFIG_FILES    = 
  CONFIG_HEADERS  = 
  CONFIG_LINKS    = 
  CONFIG_COMMANDS = 
  $ ./config.status 

on VICTUS-15

config.status:927: creating Makefile

## ---------------- ##
## Cache variables. ##
## ---------------- ##

ac_cv_build=x86_64-pc-cygwin
ac_cv_c_compiler_gnu=yes
ac_cv_cxx_compiler_gnu=yes
ac_cv_env_AR_FOR_TARGET_set=
ac_cv_env_AR_FOR_TARGET_value=
ac_cv_env_AR_set=
ac_cv_env_AR_value=
ac_cv_env_AS_FOR_TARGET_set=
ac_cv_env_AS_FOR_TARGET_value=
ac_cv_env_AS_set=
ac_cv_env_AS_value=
ac_cv_env_CCC_set=
ac_cv_env_CCC_value=
ac_cv_env_CC_FOR_TARGET_set=
ac_cv_env_CC_FOR_TARGET_value=
ac_cv_env_CC_set=
ac_cv_env_CC_value=
ac_cv_env_CFLAGS_set=
ac_cv_env_CFLAGS_value=
ac_cv_env_CPPFLAGS_set=
ac_cv_env_CPPFLAGS_value=
ac_cv_env_CXXFLAGS_set=
ac_cv_env_CXXFLAGS_value=
ac_cv_env_CXX_FOR_TARGET_set=
ac_cv_env_CXX_FOR_TARGET_value=
ac_cv_env_CXX_set=
ac_cv_env_CXX_value=
ac_cv_env_DLLTOOL_FOR_TARGET_set=
ac_cv_env_DLLTOOL_FOR_TARGET_value=
ac_cv_env_DLLTOOL_set=
ac_cv_env_DLLTOOL_value=
ac_cv_env_GCC_FOR_TARGET_set=
ac_cv_env_GCC_FOR_TARGET_value=
ac_cv_env_GCJ_FOR_TARGET_set=
ac_cv_env_GCJ_FOR_TARGET_value=
ac_cv_env_GFORTRAN_FOR_TARGET_set=
ac_cv_env_GFORTRAN_FOR_TARGET_value=
ac_cv_env_GOC_FOR_TARGET_set=
ac_cv_env_GOC_FOR_TARGET_value=
ac_cv_env_LDFLAGS_set=
ac_cv_env_LDFLAGS_value=
ac_cv_env_LD_FOR_TARGET_set=
ac_cv_env_LD_FOR_TARGET_value=
ac_cv_env_LD_set=
ac_cv_env_LD_value=
ac_cv_env_LIBS_set=
ac_cv_env_LIBS_value=
ac_cv_env_LIPO_FOR_TARGET_set=
ac_cv_env_LIPO_FOR_TARGET_value=
ac_cv_env_LIPO_set=
ac_cv_env_LIPO_value=
ac_cv_env_NM_FOR_TARGET_set=
ac_cv_env_NM_FOR_TARGET_value=
ac_cv_env_NM_set=
ac_cv_env_NM_value=
ac_cv_env_OBJCOPY_FOR_TARGET_set=
ac_cv_env_OBJCOPY_FOR_TARGET_value=
ac_cv_env_OBJCOPY_set=
ac_cv_env_OBJCOPY_value=
ac_cv_env_OBJDUMP_FOR_TARGET_set=
ac_cv_env_OBJDUMP_FOR_TARGET_value=
ac_cv_env_OBJDUMP_set=
ac_cv_env_OBJDUMP_value=
ac_cv_env_RANLIB_FOR_TARGET_set=
ac_cv_env_RANLIB_FOR_TARGET_value=
ac_cv_env_RANLIB_set=
ac_cv_env_RANLIB_value=
ac_cv_env_READELF_FOR_TARGET_set=
ac_cv_env_READELF_FOR_TARGET_value=
ac_cv_env_READELF_set=
ac_cv_env_READELF_value=
ac_cv_env_STRIP_FOR_TARGET_set=
ac_cv_env_STRIP_FOR_TARGET_value=
ac_cv_env_STRIP_set=
ac_cv_env_STRIP_value=
ac_cv_env_WINDMC_FOR_TARGET_set=
ac_cv_env_WINDMC_FOR_TARGET_value=
ac_cv_env_WINDMC_set=
ac_cv_env_WINDMC_value=
ac_cv_env_WINDRES_FOR_TARGET_set=
ac_cv_env_WINDRES_FOR_TARGET_value=
ac_cv_env_WINDRES_set=
ac_cv_env_WINDRES_value=
ac_cv_env_build_alias_set=
ac_cv_env_build_alias_value=
ac_cv_env_build_configargs_set=
ac_cv_env_build_configargs_value=
ac_cv_env_host_alias_set=
ac_cv_env_host_alias_value=
ac_cv_env_host_configargs_set=
ac_cv_env_host_configargs_value=
ac_cv_env_target_alias_set=set
ac_cv_env_target_alias_value=x86_64-andraos
ac_cv_env_target_configargs_set=
ac_cv_env_target_configargs_value=
ac_cv_exeext=.exe
ac_cv_host=x86_64-pc-cygwin
ac_cv_objext=o
ac_cv_path_SED=/usr/bin/sed
ac_cv_path_install='/usr/bin/install -c'
ac_cv_prog_AR=ar
ac_cv_prog_AR_FOR_TARGET=x86_64-andraos-ar
ac_cv_prog_AS=as
ac_cv_prog_AS_FOR_TARGET=x86_64-andraos-as
ac_cv_prog_AWK=gawk
ac_cv_prog_BISON=bison
ac_cv_prog_CC_FOR_TARGET=x86_64-andraos-gcc
ac_cv_prog_CXX_FOR_TARGET=x86_64-andraos-c++
ac_cv_prog_DLLTOOL=dlltool
ac_cv_prog_FLEX=flex
ac_cv_prog_GCC_FOR_TARGET=x86_64-andraos-gcc
ac_cv_prog_LD=/usr/lib/gcc/x86_64-pc-cygwin/15.2.0/../../../../x86_64-pc-cygwin/bin/ld.exe
ac_cv_prog_LD_FOR_TARGET=x86_64-andraos-ld
ac_cv_prog_LEX=flex
ac_cv_prog_M4=m4
ac_cv_prog_MAKEINFO=makeinfo
ac_cv_prog_NM=nm
ac_cv_prog_NM_FOR_TARGET=x86_64-andraos-nm
ac_cv_prog_OBJCOPY=objcopy
ac_cv_prog_OBJCOPY_FOR_TARGET=x86_64-andraos-objcopy
ac_cv_prog_OBJDUMP=objdump
ac_cv_prog_OBJDUMP_FOR_TARGET=x86_64-andraos-objdump
ac_cv_prog_RANLIB=ranlib
ac_cv_prog_RANLIB_FOR_TARGET=x86_64-andraos-ranlib
ac_cv_prog_READELF=readelf
ac_cv_prog_READELF_FOR_TARGET=x86_64-andraos-readelf
ac_cv_prog_STRIP=strip
ac_cv_prog_STRIP_FOR_TARGET=x86_64-andraos-strip
ac_cv_prog_WINDMC=windmc
ac_cv_prog_WINDRES=windres
ac_cv_prog_YACC='bison -y'
ac_cv_prog_ac_ct_CC=gcc
ac_cv_prog_ac_ct_CXX=g++
ac_cv_prog_cc_c89=
ac_cv_prog_cc_g=yes
ac_cv_prog_cxx_g=yes
ac_cv_target=x86_64-pc-andraos
acx_cv_cc_gcc_supports_ada=no
acx_cv_prog_LN=ln
gcc_cv_isl=no
gcc_cv_prog_cmp_skip='cmp --ignore-initial=16 $$f1 $$f2'
gcc_cv_tool_dirs=
gcc_cv_tool_prefix=/opt/andraos
lt_cv_objdir=.libs

## ----------------- ##
## Output variables. ##
## ----------------- ##

AR='ar'
AR_FOR_BUILD='$(AR)'
AR_FOR_TARGET='x86_64-andraos-ar'
AR_PLUGIN_OPTION=''
AS='as'
AS_FOR_BUILD='$(AS)'
AS_FOR_TARGET='x86_64-andraos-as'
AWK='gawk'
BISON='bison'
BUILD_CONFIG=''
CC='gcc'
CC_FOR_BUILD='$(CC)'
CC_FOR_TARGET='x86_64-andraos-gcc'
CFLAGS='-g -O2'
CFLAGS_FOR_BUILD='-g -O2'
CFLAGS_FOR_TARGET='-g -O2'
COMPILER_AS_FOR_TARGET='$(AS_FOR_TARGET)'
COMPILER_LD_FOR_TARGET='$(LD_FOR_TARGET)'
COMPILER_NM_FOR_TARGET='$(NM_FOR_TARGET)'
CONFIGURE_GDB_TK=''
CPPFLAGS=''
CXX='g++'
CXXFLAGS='-g -O2'
CXXFLAGS_FOR_BUILD='-g -O2'
CXXFLAGS_FOR_TARGET='-g -O2'
CXX_FOR_BUILD='$(CXX)'
CXX_FOR_TARGET='x86_64-andraos-c++'
DEBUG_PREFIX_CFLAGS_FOR_TARGET=''
DEFS='-DPACKAGE_NAME=\"\" -DPACKAGE_TARNAME=\"\" -DPACKAGE_VERSION=\"\" -DPACKAGE_STRING=\"\" -DPACKAGE_BUGREPORT=\"\" -DPACKAGE_URL=\"\" -DLT_OBJDIR=\".libs/\"'
DLLTOOL='dlltool'
DLLTOOL_FOR_BUILD='$(DLLTOOL)'
DLLTOOL_FOR_TARGET='x86_64-andraos-dlltool'
ECHO_C=''
ECHO_N='-n'
ECHO_T=''
EXEEXT='.exe'
EXPECT='expect'
EXTRA_CONFIGARGS_LIBJAVA='--disable-static'
FLAGS_FOR_TARGET=' -B$$r/$(TARGET_SUBDIR)/newlib/ -isystem $$r/$(TARGET_SUBDIR)/newlib/targ-include -isystem $$s/newlib/libc/include -B$$r/$(TARGET_SUBDIR)/libgloss/x86_64 -L$$r/$(TARGET_SUBDIR)/libgloss/libnosys -L$$s/libgloss/x86_64'
FLEX='flex'
GCC_FOR_TARGET='x86_64-andraos-gcc'
GCC_SHLIB_SUBDIR='/shlib'
GCJ_FOR_BUILD='$(GCJ)'
GCJ_FOR_TARGET='x86_64-andraos-gcj'
GDB_TK=''
GFORTRAN_FOR_BUILD='$(GFORTRAN)'
GFORTRAN_FOR_TARGET='x86_64-andraos-gfortran'
GNATBIND='no'
GNATMAKE='no'
GOC_FOR_BUILD='$(GOC)'
GOC_FOR_TARGET='x86_64-andraos-gccgo'
INSTALL_DATA='${INSTALL} -m 644'
INSTALL_GDB_TK=''
INSTALL_PROGRAM='${INSTALL}'
INSTALL_SCRIPT='${INSTALL}'
LD='/usr/lib/gcc/x86_64-pc-cygwin/15.2.0/../../../../x86_64-pc-cygwin/bin/ld.exe'
LDFLAGS=''
LDFLAGS_FOR_BUILD=''
LDFLAGS_FOR_TARGET=''
LD_FOR_BUILD='$(LD)'
LD_FOR_TARGET='x86_64-andraos-ld'
LEX='flex'
LIBOBJS=''
LIBS=''
LIPO='lipo'
LIPO_FOR_TARGET='x86_64-andraos-lipo'
LN='ln'
LN_S='cp -pR'
LTLIBOBJS=''
M4='m4'
MAINT='#'
MAINTAINER_MODE_FALSE=''
MAINTAINER_MODE_TRUE='#'
MAKEINFO='makeinfo'
NM='nm'
NM_FOR_BUILD='$(NM)'
NM_FOR_TARGET='x86_64-andraos-nm'
OBJCOPY='objcopy'
OBJCOPY_FOR_TARGET='x86_64-andraos-objcopy'
OBJDUMP='objdump'
OBJDUMP_FOR_TARGET='x86_64-andraos-objdump'
OBJEXT='o'
PACKAGE_BUGREPORT=''
PACKAGE_NAME=''
PACKAGE_STRING=''
PACKAGE_TARNAME=''
PACKAGE_URL=''
PACKAGE_VERSION=''
PATH_SEPARATOR=':'
RANLIB='ranlib'
RANLIB_FOR_BUILD='$(RANLIB)'
RANLIB_FOR_TARGET='x86_64-andraos-ranlib'
RANLIB_PLUGIN_OPTION=''
RAW_CXX_FOR_TARGET='x86_64-andraos-c++'
READELF='readelf'
READELF_FOR_TARGET='x86_64-andraos-readelf'
RPATH_ENVVAR='PATH'
RUNTEST='runtest'
SED='/usr/bin/sed'
SHELL='/bin/sh'
STRIP='strip'
STRIP_FOR_TARGET='x86_64-andraos-strip'
SYSROOT_CFLAGS_FOR_TARGET=''
TOPLEVEL_CONFIGURE_ARGUMENTS='../configure --target=x86_64-andraos --prefix=/opt/andraos --disable-newlib-supplied-syscalls --disable-nls'
WINDMC='windmc'
WINDMC_FOR_BUILD='$(WINDMC)'
WINDMC_FOR_TARGET='x86_64-andraos-windmc'
WINDRES='windres'
WINDRES_FOR_BUILD='$(WINDRES)'
WINDRES_FOR_TARGET='x86_64-andraos-windres'
YACC='bison -y'
ac_ct_CC='gcc'
ac_ct_CXX='g++'
bindir='${exec_prefix}/bin'
build='x86_64-pc-cygwin'
build_alias='x86_64-pc-cygwin'
build_configargs=' --cache-file=./config.cache '\''--prefix=/opt/andraos'\'' '\''--disable-newlib-supplied-syscalls'\'' '\''--disable-nls'\'' --program-transform-name='\''s&^&x86_64-andraos-&'\'' --disable-option-checking'
build_configdirs=''
build_cpu='x86_64'
build_libsubdir='build-x86_64-pc-cygwin'
build_noncanonical='x86_64-pc-cygwin'
build_os='cygwin'
build_subdir='build-x86_64-pc-cygwin'
build_tooldir='${exec_prefix}/x86_64-andraos'
build_vendor='pc'
compare_exclusions='gcc/cc*-checksum$(objext) | gcc/ada/*tools/*'
configdirs=' etc'
datadir='${datarootdir}'
datarootdir='${prefix}/share'
do_compare='cmp --ignore-initial=16 $$f1 $$f2'
docdir='${datarootdir}/doc/${PACKAGE}'
dvidir='${docdir}'
exec_prefix='${prefix}'
extra_host_libiberty_configure_flags=''
extra_host_zlib_configure_flags=''
extra_isl_gmp_configure_flags=''
extra_liboffloadmic_configure_flags=''
extra_linker_plugin_configure_flags=''
extra_linker_plugin_flags=''
extra_mpc_gmp_configure_flags=''
extra_mpc_mpfr_configure_flags=''
extra_mpfr_configure_flags=''
gmpinc=''
gmplibs='-lmpc -lmpfr -lgmp'
host='x86_64-pc-cygwin'
host_alias=''
host_configargs=' --cache-file=./config.cache  --with-system-zlib --with-newlib '\''--prefix=/opt/andraos'\'' '\''--disable-newlib-supplied-syscalls'\'' '\''--disable-nls'\'' --program-transform-name='\''s&^&x86_64-andraos-&'\'' --disable-option-checking'
host_cpu='x86_64'
host_noncanonical='x86_64-pc-cygwin'
host_os='cygwin'
host_shared='no'
host_subdir='.'
host_vendor='pc'
htmldir='${docdir}'
includedir='${prefix}/include'
infodir='${datarootdir}/info'
islinc=''
isllibs=''
islver=''
libdir='${exec_prefix}/lib'
libexecdir='${exec_prefix}/libexec'
localedir='${datarootdir}/locale'
localstatedir='${prefix}/var'
mandir='${datarootdir}/man'
oldincludedir='/usr/include'
pdfdir='${docdir}'
poststage1_ldflags='-static-libstdc++ -static-libgcc'
poststage1_libs=''
prefix='/opt/andraos'
program_transform_name='s&^&x86_64-andraos-&'
psdir='${docdir}'
runstatedir='${localstatedir}/run'
sbindir='${exec_prefix}/sbin'
sharedstatedir='${prefix}/com'
stage1_cflags='-g'
stage1_checking='--enable-checking=yes,types'
stage1_languages=',c,'
stage1_ldflags='-static-libstdc++ -static-libgcc'
stage1_libs=''
stage2_werror_flag=''
sysconfdir='${prefix}/etc'
target='x86_64-pc-andraos'
target_alias='x86_64-andraos'
target_configargs='--cache-file=./config.cache --with-newlib --enable-multilib --with-cross-host=x86_64-pc-cygwin   '\''--prefix=/opt/andraos'\'' '\''--disable-newlib-supplied-syscalls'\'' '\''--disable-nls'\'' --program-transform-name='\''s&^&x86_64-andraos-&'\'' --disable-option-checking'
target_configdirs='libgloss newlib'
target_cpu='x86_64'
target_noncanonical='x86_64-andraos'
target_os='andraos'
target_subdir='x86_64-andraos'
target_vendor='pc'
tooldir='${exec_prefix}/x86_64-andraos'

## ------------------- ##
## File substitutions. ##
## ------------------- ##

alphaieee_frag='/dev/null'
host_makefile_frag='../config/mh-cygwin'
ospace_frag='/dev/null'
serialization_dependencies='serdep.tmp'
target_makefile_frag='/dev/null'

## ----------- ##
## confdefs.h. ##
## ----------- ##

/* confdefs.h */
#define PACKAGE_NAME ""
#define PACKAGE_TARNAME ""
#define PACKAGE_VERSION ""
#define PACKAGE_STRING ""
#define PACKAGE_BUGREPORT ""
#define PACKAGE_URL ""
#define LT_OBJDIR ".libs/"

configure: exit 0
