This file contains any messages produced by compilers while
running configure, to aid debugging if configure makes a mistake.

It was created by newlib configure 4.6.0, which was
generated by GNU Autoconf 2.69.  Invocation command line was

  $ ../newlib/configure --host=x86_64-andraos --target=x86_64-andraos --prefix=/opt/andraos

## --------- ##
## Platform. ##
## --------- ##

hostname = VICTUS-15
uname -m = x86_64
uname -r = 3.6.7-f2802c5f.x86_64
uname -s = MINGW64_NT-10.0-26200
uname -v = 2026-03-15 08:40 UTC

/usr/bin/uname -p = unknown
/bin/uname -X     = unknown

/bin/arch              = x86_64
/usr/bin/arch -k       = unknown
/usr/convex/getsysinfo = unknown
/usr/bin/hostinfo      = unknown
/bin/machine           = unknown
/usr/bin/oslevel       = unknown
/bin/universe          = unknown

PATH: /ucrt64/bin
PATH: /clang64/bin
PATH: /usr/local/bin
PATH: /usr/bin
PATH: /bin
PATH: /c/Windows/System32
PATH: /c/Windows
PATH: /c/Windows/System32/Wbem
PATH: /c/Windows/System32/WindowsPowerShell/v1.0/
PATH: /usr/bin/site_perl
PATH: /usr/bin/vendor_perl
PATH: /usr/bin/core_perl


## ----------- ##
## Core tests. ##
## ----------- ##

configure:2118: loading site script /etc/config.site
| # This file is in public domain.
| # Original author: Karlson2k (Evgeny Grin)
| # Written for MSys2 to help running 'configure' scripts
| 
| # Defaults for MSys2/MinGW64-targeted programs
| 
| # Set proper selfname on bash and fallback to default name on other shells
| test -n "${BASH_SOURCE}" 2>/dev/null && config_site_me="${BASH_SOURCE[0]##*/}" || config_site_me=config.site
| 
| # Set default 'host' to speedup configure
| if test -z "$build_alias"; then
|   build_alias="${MSYSTEM_CHOST}"  && \
|     ${as_echo-echo} "$config_site_me:${as_lineno-$LINENO}: default build_alias set to $build_alias" >&5
| fi
| 
| # Set default 'prefix'
| if ( test -z "$prefix" || test "x$prefix" = "xNONE" ) && \
|     ( test -z "$exec_prefix" || test "x$exec_prefix" = "xNONE" ); then
|   prefix="${MSYSTEM_PREFIX}" && \
|     ${as_echo-echo} "$config_site_me:${as_lineno-$LINENO}: default prefix set to $prefix" >&5
| fi
config.site:13: default build_alias set to x86_64-w64-mingw32
configure:2669: checking build system type
configure:2683: result: x86_64-w64-mingw32
configure:2703: checking host system type
configure:2716: result: x86_64-pc-andraos
configure:2752: checking for a BSD-compatible install
configure:2820: result: /usr/bin/install -c
configure:2831: checking whether build environment is sane
configure:2886: result: yes
configure:2945: checking for x86_64-andraos-strip
configure:2975: result: no
configure:2985: checking for strip
configure:3001: found /clang64/bin/strip
configure:3012: result: strip
configure:3037: checking for a thread-safe mkdir -p
configure:3076: result: /usr/bin/mkdir -p
configure:3083: checking for gawk
configure:3099: found /usr/bin/gawk
configure:3110: result: gawk
configure:3121: checking whether make sets $(MAKE)
configure:3143: result: yes
configure:3172: checking whether make supports nested variables
configure:3189: result: yes
configure:3213: checking for style of include used by make
configure:3241: result: GNU
configure:3272: checking for x86_64-andraos-gcc
configure:3302: result: no
configure:3312: checking for gcc
configure:3342: result: no
configure:3365: checking for x86_64-andraos-cc
configure:3395: result: no
configure:3405: checking for cc
configure:3426: found /clang64/bin/cc
configure:3449: result: cc
configure:3568: checking for C compiler version
configure:3577: cc --version >&5
clang version 22.1.1 (https://github.com/msys2/MINGW-packages f68692243013ee0605423c756fc83ce3e989a753)
Target: x86_64-w64-windows-gnu
Thread model: posix
InstalledDir: C:/msys64/clang64/bin
configure:3588: $? = 0
configure:3577: cc -v >&5
clang version 22.1.1 (https://github.com/msys2/MINGW-packages f68692243013ee0605423c756fc83ce3e989a753)
Target: x86_64-w64-windows-gnu
Thread model: posix
InstalledDir: C:/msys64/clang64/bin
configure:3588: $? = 0
configure:3577: cc -V >&5
cc: error: argument to '-V' is missing (expected 1 value)
cc: error: no input files
configure:3588: $? = 1
configure:3577: cc -qversion >&5
cc: error: unknown argument '-qversion'; did you mean '--version'?
cc: error: no input files
configure:3588: $? = 1
configure:3608: cc -o conftest    conftest.c  >&5
configure:3612: $? = 0
configure:3631: checking whether the C compiler works
configure:3653: cc    conftest.c  >&5
configure:3657: $? = 0
configure:3705: result: yes
configure:3708: checking for C compiler default output file name
configure:3710: result: a.exe
configure:3716: checking for suffix of executables
configure:3723: cc -o conftest.exe    conftest.c  >&5
configure:3727: $? = 0
configure:3749: result: .exe
configure:3771: checking whether we are cross compiling
configure:3779: cc -o conftest.exe    conftest.c  >&5
configure:3783: $? = 0
configure:3790: ./conftest.exe
configure:3794: $? = 0
configure:3809: result: no
configure:3867: checking for suffix of object files
configure:3889: cc -c   conftest.c >&5
configure:3893: $? = 0
configure:3914: result: o
configure:3918: checking whether we are using the GNU C compiler
configure:3937: cc -c   conftest.c >&5
configure:3937: $? = 0
configure:3946: result: yes
configure:3955: checking whether cc accepts -g
configure:3975: cc -c -g  conftest.c >&5
configure:3975: $? = 0
configure:4016: result: yes
configure:4033: checking for cc option to accept ISO C89
configure:4094: cc  -c -g -O2  conftest.c >&5
configure:4094: $? = 0
configure:4107: result: none needed
configure:4132: checking whether cc understands -c and -o together
configure:4154: cc -c conftest.c -o conftest2.o
configure:4157: $? = 0
configure:4154: cc -c conftest.c -o conftest2.o
configure:4157: $? = 0
configure:4169: result: yes
configure:4188: checking dependency style of cc
configure:4299: result: gcc3
configure:4319: checking how to run the C preprocessor
configure:4350: cc -E  conftest.c
configure:4350: $? = 0
configure:4364: cc -E  conftest.c
conftest.c:9:10: fatal error: 'ac_nonexistent.h' file not found
    9 | #include <ac_nonexistent.h>
      |          ^~~~~~~~~~~~~~~~~~
1 error generated.
configure:4364: $? = 1
configure: failed program was:
| /* confdefs.h */
| #define PACKAGE_NAME "newlib"
| #define PACKAGE_TARNAME "newlib"
| #define PACKAGE_VERSION "4.6.0"
| #define PACKAGE_STRING "newlib 4.6.0"
| #define PACKAGE_BUGREPORT ""
| #define PACKAGE_URL ""
| /* end confdefs.h.  */
| #include <ac_nonexistent.h>
configure:4389: result: cc -E
configure:4409: cc -E  conftest.c
configure:4409: $? = 0
configure:4423: cc -E  conftest.c
conftest.c:9:10: fatal error: 'ac_nonexistent.h' file not found
    9 | #include <ac_nonexistent.h>
      |          ^~~~~~~~~~~~~~~~~~
1 error generated.
configure:4423: $? = 1
configure: failed program was:
| /* confdefs.h */
| #define PACKAGE_NAME "newlib"
| #define PACKAGE_TARNAME "newlib"
| #define PACKAGE_VERSION "4.6.0"
| #define PACKAGE_STRING "newlib 4.6.0"
| #define PACKAGE_BUGREPORT ""
| #define PACKAGE_URL ""
| /* end confdefs.h.  */
| #include <ac_nonexistent.h>
configure:4460: checking dependency style of cc
configure:4569: result: gcc3
configure:4590: checking for x86_64-andraos-ar
configure:4620: result: no
configure:4590: checking for x86_64-andraos-lib
configure:4620: result: no
configure:4590: checking for x86_64-andraos-link
configure:4620: result: no
configure:4634: checking for ar
configure:4650: found /clang64/bin/ar
configure:4661: result: ar
configure:4687: checking the archiver (ar) interface
configure:4703: cc -c -g -O2  conftest.c >&5
configure:4703: $? = 0
configure:4705: ar cru libconftest.a conftest.o >&5
configure:4708: $? = 0
configure:4736: result: ar
configure:4986: checking whether to enable maintainer-specific portions of Makefiles
configure:4995: result: no
configure:5019: checking whether make supports nested variables
configure:5036: result: yes
configure:5053: checking for x86_64-andraos-ranlib
configure:5083: result: no
configure:5093: checking for ranlib
configure:5109: found /clang64/bin/ranlib
configure:5120: result: ranlib
configure:5145: checking for x86_64-andraos-readelf
configure:5175: result: no
configure:5185: checking for readelf
configure:5201: found /clang64/bin/readelf
configure:5212: result: readelf
configure:5560: checking for long double
configure:5593: result: yes
configure:6300: checking for XCHAL_HAVE_FP_SQRT
configure:6322: cc -E  conftest.c
conftest.c:12:10: fatal error: '../machine/xtensa/include/xtensa/config/core-isa.h' file not found
   12 | #include "../machine/xtensa/include/xtensa/config/core-isa.h"
      |          ^~~~~~~~~~~~~~~~~~~~~~~~~~~~~~~~~~~~~~~~~~~~~~~~~~~~
1 error generated.
configure:6322: $? = 1
configure: failed program was:
| /* confdefs.h */
| #define PACKAGE_NAME "newlib"
| #define PACKAGE_TARNAME "newlib"
| #define PACKAGE_VERSION "4.6.0"
| #define PACKAGE_STRING "newlib 4.6.0"
| #define PACKAGE_BUGREPORT ""
| #define PACKAGE_URL ""
| #define HAVE_LONG_DOUBLE 1
| /* end confdefs.h.  */
| #define _LIBM
| // targ-include does not exist yet, use relative path
| #include "../machine/xtensa/include/xtensa/config/core-isa.h"
| #if (!XCHAL_HAVE_FP_SQRT)
| # error "Have not XCHAL_HAVE_FP_SQRT"
| #endif
| 
| int
| main (void)
| {
| 
|   ;
|   return 0;
| }
configure:6329: result: no
configure:6727: checking if cc has enabled misaligned hardware access
configure:6741: cc -g -O2  -c conftest.c
conftest.c:4:2: error: "misaligned access is not supported"
    4 | #error "misaligned access is not supported"
      |  ^
1 error generated.
configure:6744: $? = 1
configure:6751: result: no
configure:7326: checking for .preinit_array/.init_array/.fini_array support
configure:7339: cc -g -O2  -c -o conftest conftest.c
							1>&5
configure:7342: $? = 0
configure:7355: result: no
configure:7363: checking if cc accepts -fno-tree-loop-distribute-patterns with __attribute__ ((__optimize__))
configure:7378: cc -g -O2  -c
			    -fno-tree-loop-distribute-patterns conftest.c
cc: error: unknown argument: '-fno-tree-loop-distribute-patterns'
configure:7381: $? = 1
configure:7388: result: no
configure:7397: checking for long double
configure:7430: result: yes
configure:7452: checking whether long double equals double
configure:7468: cc -g -O2  -c -o conftest.o conftest.c
							1>&5
conftest.c:5:4: error: "LDBL != DBL"
    5 |   #error "LDBL != DBL"
      |    ^
1 error generated.
configure:7471: $? = 1
configure:7480: result: no
configure:7615: checking that generated files are newer than configure
configure:7621: result: done
configure:8160: creating ./config.status

## ---------------------- ##
## Running config.status. ##
## ---------------------- ##

This file was extended by newlib config.status 4.6.0, which was
generated by GNU Autoconf 2.69.  Invocation command line was

  CONFIG_FILES    = 
  CONFIG_HEADERS  = 
  CONFIG_LINKS    = 
  CONFIG_COMMANDS = 
  $ ./config.status 

on VICTUS-15

config.status:1171: creating Makefile
config.status:1171: creating newlib.h
config.status:1171: creating _newlib_version.h
config.status:1337: _newlib_version.h is unchanged
config.status:1385: executing default-1 commands
config.status:1385: executing depfiles commands

## ---------------- ##
## Cache variables. ##
## ---------------- ##

ac_cv_build=x86_64-w64-mingw32
ac_cv_c_compiler_gnu=yes
ac_cv_env_CCASFLAGS_set=
ac_cv_env_CCASFLAGS_value=
ac_cv_env_CCAS_set=
ac_cv_env_CCAS_value=
ac_cv_env_CC_set=
ac_cv_env_CC_value=
ac_cv_env_CFLAGS_set=
ac_cv_env_CFLAGS_value=
ac_cv_env_CPPFLAGS_set=
ac_cv_env_CPPFLAGS_value=
ac_cv_env_CPP_set=
ac_cv_env_CPP_value=
ac_cv_env_LDFLAGS_set=
ac_cv_env_LDFLAGS_value=
ac_cv_env_LIBS_set=
ac_cv_env_LIBS_value=
ac_cv_env_build_alias_set=
ac_cv_env_build_alias_value=
ac_cv_env_host_alias_set=set
ac_cv_env_host_alias_value=x86_64-andraos
ac_cv_env_target_alias_set=set
ac_cv_env_target_alias_value=x86_64-andraos
ac_cv_exeext=.exe
ac_cv_host=x86_64-pc-andraos
ac_cv_objext=o
ac_cv_path_install='/usr/bin/install -c'
ac_cv_path_mkdir=/usr/bin/mkdir
ac_cv_prog_AWK=gawk
ac_cv_prog_CC=cc
ac_cv_prog_CPP='cc -E'
ac_cv_prog_ac_ct_AR=ar
ac_cv_prog_ac_ct_RANLIB=ranlib
ac_cv_prog_ac_ct_READELF=readelf
ac_cv_prog_ac_ct_STRIP=strip
ac_cv_prog_cc_c89=
ac_cv_prog_cc_g=yes
ac_cv_prog_make_make_set=yes
ac_cv_type_long_double=yes
am_cv_CCAS_dependencies_compiler_type=gcc3
am_cv_CC_dependencies_compiler_type=gcc3
am_cv_ar_interface=ar
am_cv_make_support_nested_variables=yes
am_cv_prog_cc_c_o=yes
newlib_cv_cc_loop_to_function=no
newlib_cv_hw_misaligned_access=no
newlib_cv_initfinit_array=no
newlib_cv_ldbl_eq_dbl=no
newlib_cv_xchal_have_fp_sqrt=no

## ----------------- ##
## Output variables. ##
## ----------------- ##

ACLOCAL='${SHELL} /home/ANDRA/workspace/newlib-cygwin/missing aclocal-1.15'
AMDEPBACKSLASH='\'
AMDEP_FALSE='#'
AMDEP_TRUE=''
AMTAR='$${TAR-tar}'
AM_BACKSLASH='\'
AM_DEFAULT_V='$(AM_DEFAULT_VERBOSITY)'
AM_DEFAULT_VERBOSITY='0'
AM_V='$(V)'
AR='ar'
AUTOCONF='${SHELL} /home/ANDRA/workspace/newlib-cygwin/missing autoconf'
AUTOHEADER='${SHELL} /home/ANDRA/workspace/newlib-cygwin/missing autoheader'
AUTOMAKE='${SHELL} /home/ANDRA/workspace/newlib-cygwin/missing automake-1.15'
AWK='gawk'
CC='cc'
CCAS='cc'
CCASDEPMODE='depmode=gcc3'
CCASFLAGS='-g -O2'
CCDEPMODE='depmode=gcc3'
CC_FOR_BUILD='$(CC)'
CC_FOR_NEWLIB='cc -I/home/ANDRA/workspace/newlib-cygwin/build-andraos/targ-include -I/home/ANDRA/workspace/newlib-cygwin/newlib/libc/include'
CFLAGS='-g -O2'
CPP='cc -E'
CPPFLAGS=''
CRT0='crt0.o'
CRT0_DIR='libc/sys/andraos/'
CRT1=''
CRT1_DIR=''
CYGPATH_W='cygpath -w'
DEFS='-DHAVE_CONFIG_H'
DEPDIR='.deps'
ECHO_C=''
ECHO_N='-n'
ECHO_T=''
ELIX_LEVEL_0_FALSE='#'
ELIX_LEVEL_0_TRUE=''
ELIX_LEVEL_1_FALSE=''
ELIX_LEVEL_1_TRUE='#'
ELIX_LEVEL_2_FALSE=''
ELIX_LEVEL_2_TRUE='#'
ELIX_LEVEL_3_FALSE=''
ELIX_LEVEL_3_TRUE='#'
ELIX_LEVEL_4_FALSE=''
ELIX_LEVEL_4_TRUE='#'
ENABLE_NEWLIB_ICONV_FALSE=''
ENABLE_NEWLIB_ICONV_TRUE='#'
EXEEXT='.exe'
EXEEXT_FOR_BUILD='$(EXEEXT)'
HAS_NDS32_FPU_DP_FALSE=''
HAS_NDS32_FPU_DP_TRUE='#'
HAS_NDS32_FPU_SP_FALSE=''
HAS_NDS32_FPU_SP_TRUE='#'
HAVE_CRT0_FALSE='#'
HAVE_CRT0_TRUE=''
HAVE_DOC_FALSE='#'
HAVE_DOC_TRUE=''
HAVE_FPMATH_H_FALSE='#'
HAVE_FPMATH_H_TRUE=''
HAVE_LIBC_MACHINE_AARCH64_FALSE=''
HAVE_LIBC_MACHINE_AARCH64_TRUE='#'
HAVE_LIBC_MACHINE_AMDGCN_FALSE=''
HAVE_LIBC_MACHINE_AMDGCN_TRUE='#'
HAVE_LIBC_MACHINE_ARC64_FALSE=''
HAVE_LIBC_MACHINE_ARC64_TRUE='#'
HAVE_LIBC_MACHINE_ARC_FALSE=''
HAVE_LIBC_MACHINE_ARC_TRUE='#'
HAVE_LIBC_MACHINE_ARM_FALSE=''
HAVE_LIBC_MACHINE_ARM_TRUE='#'
HAVE_LIBC_MACHINE_BFIN_FALSE=''
HAVE_LIBC_MACHINE_BFIN_TRUE='#'
HAVE_LIBC_MACHINE_CR16_FALSE=''
HAVE_LIBC_MACHINE_CR16_TRUE='#'
HAVE_LIBC_MACHINE_CRIS_FALSE=''
HAVE_LIBC_MACHINE_CRIS_TRUE='#'
HAVE_LIBC_MACHINE_CRX_FALSE=''
HAVE_LIBC_MACHINE_CRX_TRUE='#'
HAVE_LIBC_MACHINE_CSKY_FALSE=''
HAVE_LIBC_MACHINE_CSKY_TRUE='#'
HAVE_LIBC_MACHINE_D10V_FALSE=''
HAVE_LIBC_MACHINE_D10V_TRUE='#'
HAVE_LIBC_MACHINE_D30V_FALSE=''
HAVE_LIBC_MACHINE_D30V_TRUE='#'
HAVE_LIBC_MACHINE_EPIPHANY_FALSE=''
HAVE_LIBC_MACHINE_EPIPHANY_TRUE='#'
HAVE_LIBC_MACHINE_FR30_FALSE=''
HAVE_LIBC_MACHINE_FR30_TRUE='#'
HAVE_LIBC_MACHINE_FRV_FALSE=''
HAVE_LIBC_MACHINE_FRV_TRUE='#'
HAVE_LIBC_MACHINE_FT32_FALSE=''
HAVE_LIBC_MACHINE_FT32_TRUE='#'
HAVE_LIBC_MACHINE_H8300_FALSE=''
HAVE_LIBC_MACHINE_H8300_TRUE='#'
HAVE_LIBC_MACHINE_H8500_FALSE=''
HAVE_LIBC_MACHINE_H8500_TRUE='#'
HAVE_LIBC_MACHINE_HPPA_FALSE=''
HAVE_LIBC_MACHINE_HPPA_TRUE='#'
HAVE_LIBC_MACHINE_I386_FALSE=''
HAVE_LIBC_MACHINE_I386_TRUE='#'
HAVE_LIBC_MACHINE_I960_FALSE=''
HAVE_LIBC_MACHINE_I960_TRUE='#'
HAVE_LIBC_MACHINE_IQ2000_FALSE=''
HAVE_LIBC_MACHINE_IQ2000_TRUE='#'
HAVE_LIBC_MACHINE_LM32_FALSE=''
HAVE_LIBC_MACHINE_LM32_TRUE='#'
HAVE_LIBC_MACHINE_M32C_FALSE=''
HAVE_LIBC_MACHINE_M32C_TRUE='#'
HAVE_LIBC_MACHINE_M32R_FALSE=''
HAVE_LIBC_MACHINE_M32R_TRUE='#'
HAVE_LIBC_MACHINE_M68HC11_FALSE=''
HAVE_LIBC_MACHINE_M68HC11_TRUE='#'
HAVE_LIBC_MACHINE_M68K_FALSE=''
HAVE_LIBC_MACHINE_M68K_TRUE='#'
HAVE_LIBC_MACHINE_M88K_FALSE=''
HAVE_LIBC_MACHINE_M88K_TRUE='#'
HAVE_LIBC_MACHINE_MEP_FALSE=''
HAVE_LIBC_MACHINE_MEP_TRUE='#'
HAVE_LIBC_MACHINE_MICROBLAZE_FALSE=''
HAVE_LIBC_MACHINE_MICROBLAZE_TRUE='#'
HAVE_LIBC_MACHINE_MIPS_FALSE=''
HAVE_LIBC_MACHINE_MIPS_TRUE='#'
HAVE_LIBC_MACHINE_MN10200_FALSE=''
HAVE_LIBC_MACHINE_MN10200_TRUE='#'
HAVE_LIBC_MACHINE_MN10300_FALSE=''
HAVE_LIBC_MACHINE_MN10300_TRUE='#'
HAVE_LIBC_MACHINE_MOXIE_FALSE=''
HAVE_LIBC_MACHINE_MOXIE_TRUE='#'
HAVE_LIBC_MACHINE_MSP430_FALSE=''
HAVE_LIBC_MACHINE_MSP430_TRUE='#'
HAVE_LIBC_MACHINE_MT_FALSE=''
HAVE_LIBC_MACHINE_MT_TRUE='#'
HAVE_LIBC_MACHINE_NDS32_FALSE=''
HAVE_LIBC_MACHINE_NDS32_TRUE='#'
HAVE_LIBC_MACHINE_NECV70_FALSE=''
HAVE_LIBC_MACHINE_NECV70_TRUE='#'
HAVE_LIBC_MACHINE_NIOS2_FALSE=''
HAVE_LIBC_MACHINE_NIOS2_TRUE='#'
HAVE_LIBC_MACHINE_NVPTX_FALSE=''
HAVE_LIBC_MACHINE_NVPTX_TRUE='#'
HAVE_LIBC_MACHINE_OR1K_FALSE=''
HAVE_LIBC_MACHINE_OR1K_TRUE='#'
HAVE_LIBC_MACHINE_POWERPC_FALSE=''
HAVE_LIBC_MACHINE_POWERPC_TRUE='#'
HAVE_LIBC_MACHINE_PRU_FALSE=''
HAVE_LIBC_MACHINE_PRU_TRUE='#'
HAVE_LIBC_MACHINE_RISCV_FALSE=''
HAVE_LIBC_MACHINE_RISCV_TRUE='#'
HAVE_LIBC_MACHINE_RL78_FALSE=''
HAVE_LIBC_MACHINE_RL78_TRUE='#'
HAVE_LIBC_MACHINE_RX_FALSE=''
HAVE_LIBC_MACHINE_RX_TRUE='#'
HAVE_LIBC_MACHINE_SH_FALSE=''
HAVE_LIBC_MACHINE_SH_TRUE='#'
HAVE_LIBC_MACHINE_SPARC_FALSE=''
HAVE_LIBC_MACHINE_SPARC_TRUE='#'
HAVE_LIBC_MACHINE_SPU_FALSE=''
HAVE_LIBC_MACHINE_SPU_TRUE='#'
HAVE_LIBC_MACHINE_TIC4X_FALSE=''
HAVE_LIBC_MACHINE_TIC4X_TRUE='#'
HAVE_LIBC_MACHINE_TIC6X_FALSE=''
HAVE_LIBC_MACHINE_TIC6X_TRUE='#'
HAVE_LIBC_MACHINE_TIC80_FALSE=''
HAVE_LIBC_MACHINE_TIC80_TRUE='#'
HAVE_LIBC_MACHINE_V850_FALSE=''
HAVE_LIBC_MACHINE_V850_TRUE='#'
HAVE_LIBC_MACHINE_VISIUM_FALSE=''
HAVE_LIBC_MACHINE_VISIUM_TRUE='#'
HAVE_LIBC_MACHINE_W65_FALSE=''
HAVE_LIBC_MACHINE_W65_TRUE='#'
HAVE_LIBC_MACHINE_X86_64_FALSE='#'
HAVE_LIBC_MACHINE_X86_64_TRUE=''
HAVE_LIBC_MACHINE_XC16X_FALSE=''
HAVE_LIBC_MACHINE_XC16X_TRUE='#'
HAVE_LIBC_MACHINE_XSTORMY16_FALSE=''
HAVE_LIBC_MACHINE_XSTORMY16_TRUE='#'
HAVE_LIBC_MACHINE_XTENSA_FALSE=''
HAVE_LIBC_MACHINE_XTENSA_TRUE='#'
HAVE_LIBC_MACHINE_Z8K_FALSE=''
HAVE_LIBC_MACHINE_Z8K_TRUE='#'
HAVE_LIBC_SYS_A29KHIF_DIR_FALSE=''
HAVE_LIBC_SYS_A29KHIF_DIR_TRUE='#'
HAVE_LIBC_SYS_AMDGCN_DIR_FALSE=''
HAVE_LIBC_SYS_AMDGCN_DIR_TRUE='#'
HAVE_LIBC_SYS_ANDRAOS_DIR_FALSE='#'
HAVE_LIBC_SYS_ANDRAOS_DIR_TRUE=''
HAVE_LIBC_SYS_ARM_DIR_FALSE=''
HAVE_LIBC_SYS_ARM_DIR_TRUE='#'
HAVE_LIBC_SYS_D10V_DIR_FALSE=''
HAVE_LIBC_SYS_D10V_DIR_TRUE='#'
HAVE_LIBC_SYS_EPIPHANY_DIR_FALSE=''
HAVE_LIBC_SYS_EPIPHANY_DIR_TRUE='#'
HAVE_LIBC_SYS_H8300HMS_DIR_FALSE=''
HAVE_LIBC_SYS_H8300HMS_DIR_TRUE='#'
HAVE_LIBC_SYS_H8500HMS_DIR_FALSE=''
HAVE_LIBC_SYS_H8500HMS_DIR_TRUE='#'
HAVE_LIBC_SYS_M88KBUG_DIR_FALSE=''
HAVE_LIBC_SYS_M88KBUG_DIR_TRUE='#'
HAVE_LIBC_SYS_MMIXWARE_DIR_FALSE=''
HAVE_LIBC_SYS_MMIXWARE_DIR_TRUE='#'
HAVE_LIBC_SYS_NETWARE_DIR_FALSE=''
HAVE_LIBC_SYS_NETWARE_DIR_TRUE='#'
HAVE_LIBC_SYS_OR1K_DIR_FALSE=''
HAVE_LIBC_SYS_OR1K_DIR_TRUE='#'
HAVE_LIBC_SYS_RDOS_DIR_FALSE=''
HAVE_LIBC_SYS_RDOS_DIR_TRUE='#'
HAVE_LIBC_SYS_RTEMS_DIR_FALSE=''
HAVE_LIBC_SYS_RTEMS_DIR_TRUE='#'
HAVE_LIBC_SYS_SH_DIR_FALSE=''
HAVE_LIBC_SYS_SH_DIR_TRUE='#'
HAVE_LIBC_SYS_SYSMEC_DIR_FALSE=''
HAVE_LIBC_SYS_SYSMEC_DIR_TRUE='#'
HAVE_LIBC_SYS_SYSNEC810_DIR_FALSE=''
HAVE_LIBC_SYS_SYSNEC810_DIR_TRUE='#'
HAVE_LIBC_SYS_SYSNECV850_DIR_FALSE=''
HAVE_LIBC_SYS_SYSNECV850_DIR_TRUE='#'
HAVE_LIBC_SYS_SYSVI386_DIR_FALSE=''
HAVE_LIBC_SYS_SYSVI386_DIR_TRUE='#'
HAVE_LIBC_SYS_SYSVNECV70_DIR_FALSE=''
HAVE_LIBC_SYS_SYSVNECV70_DIR_TRUE='#'
HAVE_LIBC_SYS_TIC80_DIR_FALSE=''
HAVE_LIBC_SYS_TIC80_DIR_TRUE='#'
HAVE_LIBC_SYS_TIRTOS_DIR_FALSE=''
HAVE_LIBC_SYS_TIRTOS_DIR_TRUE='#'
HAVE_LIBC_SYS_W65_DIR_FALSE=''
HAVE_LIBC_SYS_W65_DIR_TRUE='#'
HAVE_LIBC_SYS_Z8KSIM_DIR_FALSE=''
HAVE_LIBC_SYS_Z8KSIM_DIR_TRUE='#'
HAVE_LIBM_MACHINE_AARCH64_FALSE=''
HAVE_LIBM_MACHINE_AARCH64_TRUE='#'
HAVE_LIBM_MACHINE_AMDGCN_FALSE=''
HAVE_LIBM_MACHINE_AMDGCN_TRUE='#'
HAVE_LIBM_MACHINE_ARM_FALSE=''
HAVE_LIBM_MACHINE_ARM_TRUE='#'
HAVE_LIBM_MACHINE_I386_FALSE=''
HAVE_LIBM_MACHINE_I386_TRUE='#'
HAVE_LIBM_MACHINE_MIPS_FALSE=''
HAVE_LIBM_MACHINE_MIPS_TRUE='#'
HAVE_LIBM_MACHINE_NDS32_FALSE=''
HAVE_LIBM_MACHINE_NDS32_TRUE='#'
HAVE_LIBM_MACHINE_POWERPC_FALSE=''
HAVE_LIBM_MACHINE_POWERPC_TRUE='#'
HAVE_LIBM_MACHINE_PRU_FALSE=''
HAVE_LIBM_MACHINE_PRU_TRUE='#'
HAVE_LIBM_MACHINE_RISCV_FALSE=''
HAVE_LIBM_MACHINE_RISCV_TRUE='#'
HAVE_LIBM_MACHINE_SPARC_FALSE=''
HAVE_LIBM_MACHINE_SPARC_TRUE='#'
HAVE_LIBM_MACHINE_SPU_FALSE=''
HAVE_LIBM_MACHINE_SPU_TRUE='#'
HAVE_LIBM_MACHINE_X86_64_FALSE='#'
HAVE_LIBM_MACHINE_X86_64_TRUE=''
HAVE_LIBM_MACHINE_XTENSA_FALSE=''
HAVE_LIBM_MACHINE_XTENSA_TRUE='#'
HAVE_LONG_DOUBLE_FALSE='#'
HAVE_LONG_DOUBLE_TRUE=''
HAVE_MULTISUBDIR_FALSE=''
HAVE_MULTISUBDIR_TRUE='#'
HAVE_POSIX_DIR_FALSE=''
HAVE_POSIX_DIR_TRUE='#'
HAVE_POWERPC_ALTIVEC_FALSE=''
HAVE_POWERPC_ALTIVEC_TRUE='#'
HAVE_POWERPC_SPE_FALSE=''
HAVE_POWERPC_SPE_TRUE='#'
HAVE_SIGNAL_DIR_FALSE='#'
HAVE_SIGNAL_DIR_TRUE=''
HAVE_SPU_EA_FALSE=''
HAVE_SPU_EA_TRUE='#'
HAVE_STDIO64_DIR_FALSE=''
HAVE_STDIO64_DIR_TRUE='#'
HAVE_STDIO_DIR_FALSE='#'
HAVE_STDIO_DIR_TRUE=''
HAVE_SYSCALL_DIR_FALSE=''
HAVE_SYSCALL_DIR_TRUE='#'
HAVE_UNIX_DIR_FALSE=''
HAVE_UNIX_DIR_TRUE='#'
HAVE_XDR_DIR_FALSE=''
HAVE_XDR_DIR_TRUE='#'
INSTALL_DATA='${INSTALL} -m 644'
INSTALL_PROGRAM='${INSTALL}'
INSTALL_SCRIPT='${INSTALL}'
INSTALL_STRIP_PROGRAM='$(install_sh) -c -s'
IS_NDS32_ISA_V3M_FALSE=''
IS_NDS32_ISA_V3M_TRUE='#'
LDFLAGS=''
LIBOBJS=''
LIBS=''
LTLIBOBJS=''
MACH_ADD_SETJMP_FALSE=''
MACH_ADD_SETJMP_TRUE='#'
MAINT='#'
MAINTAINER_MODE_FALSE=''
MAINTAINER_MODE_TRUE='#'
MAKEINFO='${SHELL} /home/ANDRA/workspace/newlib-cygwin/missing makeinfo'
MAY_SUPPLY_SYSCALLS_FALSE='#'
MAY_SUPPLY_SYSCALLS_TRUE=''
MKDIR_P='/usr/bin/mkdir -p'
NEWLIB_CFLAGS='-D_LIBC -fno-builtin -D__andraos__ -U_WIN32 -UWIN32 -U__MINGW32__ -target x86_64-unknown-elf -mabi=sysv -fno-asynchronous-unwind-tables -DMISSING_SYSCALL_NAMES -D_HAVE_INIT_FINI'
NEWLIB_HW_FP_FALSE=''
NEWLIB_HW_FP_TRUE='#'
NEWLIB_MAJOR_VERSION=''
NEWLIB_MINOR_VERSION=''
NEWLIB_NANO_FORMATTED_IO_FALSE=''
NEWLIB_NANO_FORMATTED_IO_TRUE='#'
NEWLIB_NANO_MALLOC_FALSE=''
NEWLIB_NANO_MALLOC_TRUE='#'
NEWLIB_PATCHLEVEL_VERSION=''
NEWLIB_RETARGETABLE_LOCKING_FALSE=''
NEWLIB_RETARGETABLE_LOCKING_TRUE='#'
NEWLIB_VERSION=''
NO_INCLUDE_LIST=' rpc/types.h rpc/xdr.h'
OBJEXT='o'
PACKAGE='newlib'
PACKAGE_BUGREPORT=''
PACKAGE_NAME='newlib'
PACKAGE_STRING='newlib 4.6.0'
PACKAGE_TARNAME='newlib'
PACKAGE_URL=''
PACKAGE_VERSION='4.6.0'
PATH_SEPARATOR=':'
RANLIB='ranlib'
READELF='readelf'
SET_MAKE=''
SH64_FALSE=''
SH64_TRUE='#'
SHELL='/bin/sh'
STRIP='strip'
VERSION='4.6.0'
XTENSA_ESP32_PSRAM_CACHE_FIX_FALSE=''
XTENSA_ESP32_PSRAM_CACHE_FIX_TRUE='#'
XTENSA_XCHAL_HAVE_FP_SQRT_FALSE=''
XTENSA_XCHAL_HAVE_FP_SQRT_TRUE='#'
abs_newlib_basedir='/home/ANDRA/workspace/newlib-cygwin/newlib'
ac_ct_AR='ar'
ac_ct_CC=''
am__EXEEXT_FALSE='#'
am__EXEEXT_TRUE=''
am__fastdepCCAS_FALSE='#'
am__fastdepCCAS_TRUE=''
am__fastdepCC_FALSE='#'
am__fastdepCC_TRUE=''
am__include='include'
am__isrc=' -I$(srcdir)'
am__leading_dot='.'
am__nodep='_no'
am__quote=''
am__tar='$${TAR-tar} chof - "$$tardir"'
am__untar='$${TAR-tar} xf -'
bindir='${exec_prefix}/bin'
build='x86_64-w64-mingw32'
build_alias='x86_64-w64-mingw32'
build_cpu='x86_64'
build_os='mingw32'
build_vendor='w64'
datadir='${datarootdir}'
datarootdir='${prefix}/share'
docdir='${datarootdir}/doc/${PACKAGE_TARNAME}'
dvidir='${docdir}'
exec_prefix='${prefix}'
host='x86_64-pc-andraos'
host_alias='x86_64-andraos'
host_cpu='x86_64'
host_os='andraos'
host_vendor='pc'
htmldir='${docdir}'
includedir='${prefix}/include'
infodir='${datarootdir}/info'
install_sh='${SHELL} /home/ANDRA/workspace/newlib-cygwin/install-sh'
libdir='${exec_prefix}/lib'
libexecdir='${exec_prefix}/libexec'
libm_machine_dir='x86_64'
localedir='${datarootdir}/locale'
localstatedir='${prefix}/var'
lpfx='lib_a-'
machine_dir='x86_64'
mandir='${datarootdir}/man'
mkdir_p='$(MKDIR_P)'
multi_basedir='../newlib/..'
newlib_basedir='../newlib/.'
oldincludedir='/usr/include'
pdfdir='${docdir}'
prefix='/opt/andraos'
program_transform_name='s,x,x,'
psdir='${docdir}'
sbindir='${exec_prefix}/sbin'
shared_machine_dir='shared_x86'
sharedstatedir='${prefix}/com'
sys_dir='andraos'
sysconfdir='${prefix}/etc'
target_alias='x86_64-andraos'

## ----------- ##
## confdefs.h. ##
## ----------- ##

/* confdefs.h */
#define PACKAGE_NAME "newlib"
#define PACKAGE_TARNAME "newlib"
#define PACKAGE_VERSION "4.6.0"
#define PACKAGE_STRING "newlib 4.6.0"
#define PACKAGE_BUGREPORT ""
#define PACKAGE_URL ""
#define HAVE_LONG_DOUBLE 1
#define _NEWLIB_VERSION "4.6.0"
#define __NEWLIB__ 4
#define __NEWLIB_MINOR__ 6
#define __NEWLIB_PATCHLEVEL__ 0
#define _REENT_CHECK_VERIFY 1
#define _MB_LEN_MAX 1
#define _ATEXIT_DYNAMIC_ALLOC 1
#define _FVWRITE_IN_STREAMIO 1
#define _FSEEK_OPTIMIZATION 1
#define _WIDE_ORIENT 1
#define _UNBUF_STREAM_OPT 1
#define _WANT_USE_GDTOA 1
#define HAVE_LONG_DOUBLE 1
#define _HAVE_LONG_DOUBLE 1

configure: exit 0

## ---------------------- ##
## Running config.status. ##
## ---------------------- ##

This file was extended by newlib config.status 4.6.0, which was
generated by GNU Autoconf 2.69.  Invocation command line was

  CONFIG_FILES    = 
  CONFIG_HEADERS  = 
  CONFIG_LINKS    = 
  CONFIG_COMMANDS = 
  $ ./config.status newlib.h

on VICTUS-15

config.status:1171: creating newlib.h

## ---------------------- ##
## Running config.status. ##
## ---------------------- ##

This file was extended by newlib config.status 4.6.0, which was
generated by GNU Autoconf 2.69.  Invocation command line was

  CONFIG_FILES    = 
  CONFIG_HEADERS  = 
  CONFIG_LINKS    = 
  CONFIG_COMMANDS = 
  $ ./config.status _newlib_version.h

on VICTUS-15

config.status:1171: creating _newlib_version.h
