This file contains any messages produced by compilers while
running configure, to aid debugging if configure makes a mistake.

It was created by newlib configure 4.6.0, which was
generated by GNU Autoconf 2.69.  Invocation command line was

  $ /c/msys64/home/ANDRA/workspace/andraos-newlib/newlib-cygwin/newlib/configure --srcdir=../../../newlib --cache-file=./config.cache --with-newlib --enable-multilib --with-cross-host=x86_64-pc-cygwin --prefix=/opt/andraos --disable-newlib-supplied-syscalls --disable-nls --program-transform-name=s&^&x86_64-andraos-& --disable-option-checking --with-target-subdir=x86_64-andraos --build=x86_64-pc-cygwin --host=x86_64-andraos --target=x86_64-andraos

## --------- ##
## Platform. ##
## --------- ##

hostname = VICTUS-15
uname -m = x86_64
uname -r = 3.6.7-f2802c5f.x86_64
uname -s = MSYS_NT-10.0-26200
uname -v = 2026-03-15 08:40 UTC

/usr/bin/uname -p = unknown
/bin/uname -X     = unknown

/bin/arch              = x86_64
/usr/bin/arch -k       = unknown
/usr/convex/getsysinfo = unknown
/usr/bin/hostinfo      = unknown
/bin/machine           = unknown
/usr/bin/oslevel       = unknown
/bin/universe          = unknown

PATH: /usr/bin
PATH: /opt/andraos/bin


## ----------- ##
## Core tests. ##
## ----------- ##

configure:2141: creating cache ./config.cache
configure:2669: checking build system type
configure:2683: result: x86_64-pc-cygwin
configure:2703: checking host system type
configure:2716: result: x86_64-pc-andraos
configure:2752: checking for a BSD-compatible install
configure:2820: result: /usr/bin/install -c
configure:2831: checking whether build environment is sane
configure:2886: result: yes
configure:2945: checking for x86_64-andraos-strip
configure:2972: result: x86_64-andraos-strip
configure:3037: checking for a thread-safe mkdir -p
configure:3076: result: /usr/bin/mkdir -p
configure:3083: checking for gawk
configure:3110: result: gawk
configure:3121: checking whether make sets $(MAKE)
configure:3143: result: yes
configure:3172: checking whether make supports nested variables
configure:3189: result: yes
configure:3213: checking for style of include used by make
configure:3241: result: GNU
configure:3272: checking for x86_64-andraos-gcc
configure:3299: result: x86_64-andraos-gcc -B/c/msys64/home/ANDRA/workspace/andraos-newlib/newlib-cygwin/build-newlib/x86_64-andraos/newlib/ -isystem /c/msys64/home/ANDRA/workspace/andraos-newlib/newlib-cygwin/build-newlib/x86_64-andraos/newlib/targ-include -isystem /c/msys64/home/ANDRA/workspace/andraos-newlib/newlib-cygwin/newlib/libc/include -B/c/msys64/home/ANDRA/workspace/andraos-newlib/newlib-cygwin/build-newlib/x86_64-andraos/libgloss/x86_64 -L/c/msys64/home/ANDRA/workspace/andraos-newlib/newlib-cygwin/build-newlib/x86_64-andraos/libgloss/libnosys -L/c/msys64/home/ANDRA/workspace/andraos-newlib/newlib-cygwin/libgloss/x86_64   
configure:3568: checking for C compiler version
configure:3577: x86_64-andraos-gcc -B/c/msys64/home/ANDRA/workspace/andraos-newlib/newlib-cygwin/build-newlib/x86_64-andraos/newlib/ -isystem /c/msys64/home/ANDRA/workspace/andraos-newlib/newlib-cygwin/build-newlib/x86_64-andraos/newlib/targ-include -isystem /c/msys64/home/ANDRA/workspace/andraos-newlib/newlib-cygwin/newlib/libc/include -B/c/msys64/home/ANDRA/workspace/andraos-newlib/newlib-cygwin/build-newlib/x86_64-andraos/libgloss/x86_64 -L/c/msys64/home/ANDRA/workspace/andraos-newlib/newlib-cygwin/build-newlib/x86_64-andraos/libgloss/libnosys -L/c/msys64/home/ANDRA/workspace/andraos-newlib/newlib-cygwin/libgloss/x86_64    --version >&5
x86_64-andraos-gcc (GCC) 15.2.0
Copyright (C) 2025 Free Software Foundation, Inc.
This is free software; see the source for copying conditions.  There is NO
warranty; not even for MERCHANTABILITY or FITNESS FOR A PARTICULAR PURPOSE.

configure:3588: $? = 0
configure:3577: x86_64-andraos-gcc -B/c/msys64/home/ANDRA/workspace/andraos-newlib/newlib-cygwin/build-newlib/x86_64-andraos/newlib/ -isystem /c/msys64/home/ANDRA/workspace/andraos-newlib/newlib-cygwin/build-newlib/x86_64-andraos/newlib/targ-include -isystem /c/msys64/home/ANDRA/workspace/andraos-newlib/newlib-cygwin/newlib/libc/include -B/c/msys64/home/ANDRA/workspace/andraos-newlib/newlib-cygwin/build-newlib/x86_64-andraos/libgloss/x86_64 -L/c/msys64/home/ANDRA/workspace/andraos-newlib/newlib-cygwin/build-newlib/x86_64-andraos/libgloss/libnosys -L/c/msys64/home/ANDRA/workspace/andraos-newlib/newlib-cygwin/libgloss/x86_64    -v >&5
Using built-in specs.
COLLECT_GCC=x86_64-andraos-gcc
COLLECT_LTO_WRAPPER=/opt/andraos/libexec/gcc/x86_64-andraos/15.2.0/lto-wrapper.exe
Target: x86_64-andraos
Configured with: ../gcc/configure --target=x86_64-andraos --prefix=/opt/andraos --with-newlib --enable-languages=c,c++ --disable-nls --disable-shared --disable-multilib --disable-threads --disable-fixincludes --disable-lto --with-sysroot=/opt/andraos/x86_64-andraos --with-native-system-header-dir=/include
Thread model: single
Supported LTO compression algorithms: zlib
gcc version 15.2.0 (GCC) 
configure:3588: $? = 0
configure:3577: x86_64-andraos-gcc -B/c/msys64/home/ANDRA/workspace/andraos-newlib/newlib-cygwin/build-newlib/x86_64-andraos/newlib/ -isystem /c/msys64/home/ANDRA/workspace/andraos-newlib/newlib-cygwin/build-newlib/x86_64-andraos/newlib/targ-include -isystem /c/msys64/home/ANDRA/workspace/andraos-newlib/newlib-cygwin/newlib/libc/include -B/c/msys64/home/ANDRA/workspace/andraos-newlib/newlib-cygwin/build-newlib/x86_64-andraos/libgloss/x86_64 -L/c/msys64/home/ANDRA/workspace/andraos-newlib/newlib-cygwin/build-newlib/x86_64-andraos/libgloss/libnosys -L/c/msys64/home/ANDRA/workspace/andraos-newlib/newlib-cygwin/libgloss/x86_64    -V >&5
x86_64-andraos-gcc: error: unrecognized command-line option '-V'
x86_64-andraos-gcc: fatal error: no input files
compilation terminated.
configure:3588: $? = 1
configure:3577: x86_64-andraos-gcc -B/c/msys64/home/ANDRA/workspace/andraos-newlib/newlib-cygwin/build-newlib/x86_64-andraos/newlib/ -isystem /c/msys64/home/ANDRA/workspace/andraos-newlib/newlib-cygwin/build-newlib/x86_64-andraos/newlib/targ-include -isystem /c/msys64/home/ANDRA/workspace/andraos-newlib/newlib-cygwin/newlib/libc/include -B/c/msys64/home/ANDRA/workspace/andraos-newlib/newlib-cygwin/build-newlib/x86_64-andraos/libgloss/x86_64 -L/c/msys64/home/ANDRA/workspace/andraos-newlib/newlib-cygwin/build-newlib/x86_64-andraos/libgloss/libnosys -L/c/msys64/home/ANDRA/workspace/andraos-newlib/newlib-cygwin/libgloss/x86_64    -qversion >&5
x86_64-andraos-gcc: error: unrecognized command-line option '-qversion'; did you mean '--version'?
x86_64-andraos-gcc: fatal error: no input files
compilation terminated.
configure:3588: $? = 1
configure:3608: x86_64-andraos-gcc -B/c/msys64/home/ANDRA/workspace/andraos-newlib/newlib-cygwin/build-newlib/x86_64-andraos/newlib/ -isystem /c/msys64/home/ANDRA/workspace/andraos-newlib/newlib-cygwin/build-newlib/x86_64-andraos/newlib/targ-include -isystem /c/msys64/home/ANDRA/workspace/andraos-newlib/newlib-cygwin/newlib/libc/include -B/c/msys64/home/ANDRA/workspace/andraos-newlib/newlib-cygwin/build-newlib/x86_64-andraos/libgloss/x86_64 -L/c/msys64/home/ANDRA/workspace/andraos-newlib/newlib-cygwin/build-newlib/x86_64-andraos/libgloss/libnosys -L/c/msys64/home/ANDRA/workspace/andraos-newlib/newlib-cygwin/libgloss/x86_64    -o conftest -g -O2   conftest.c  >&5
/opt/andraos/lib/gcc/x86_64-andraos/15.2.0/../../../../x86_64-andraos/bin/ld: /opt/andraos/lib/gcc/x86_64-andraos/15.2.0/../../../../x86_64-andraos/lib/libc.a(libc_a-closer.o): in function `_close_r':
/c/msys64/home/ANDRA/workspace/build-newlib/x86_64-andraos/newlib/../../../andraos-newlib/newlib-cygwin/newlib/libc/reent/closer.c:45:(.text+0x19): undefined reference to `close'
/opt/andraos/lib/gcc/x86_64-andraos/15.2.0/../../../../x86_64-andraos/bin/ld: /opt/andraos/lib/gcc/x86_64-andraos/15.2.0/../../../../x86_64-andraos/lib/libc.a(libc_a-lseekr.o): in function `_lseek_r':
/c/msys64/home/ANDRA/workspace/build-newlib/x86_64-andraos/newlib/../../../andraos-newlib/newlib-cygwin/newlib/libc/reent/lseekr.c:49:(.text+0x1e): undefined reference to `lseek'
/opt/andraos/lib/gcc/x86_64-andraos/15.2.0/../../../../x86_64-andraos/bin/ld: /opt/andraos/lib/gcc/x86_64-andraos/15.2.0/../../../../x86_64-andraos/lib/libc.a(libc_a-readr.o): in function `_read_r':
/c/msys64/home/ANDRA/workspace/build-newlib/x86_64-andraos/newlib/../../../andraos-newlib/newlib-cygwin/newlib/libc/reent/readr.c:49:(.text+0x1f): undefined reference to `read'
/opt/andraos/lib/gcc/x86_64-andraos/15.2.0/../../../../x86_64-andraos/bin/ld: /opt/andraos/lib/gcc/x86_64-andraos/15.2.0/../../../../x86_64-andraos/lib/libc.a(libc_a-writer.o): in function `_write_r':
/c/msys64/home/ANDRA/workspace/build-newlib/x86_64-andraos/newlib/../../../andraos-newlib/newlib-cygwin/newlib/libc/reent/writer.c:49:(.text+0x1f): undefined reference to `write'
/opt/andraos/lib/gcc/x86_64-andraos/15.2.0/../../../../x86_64-andraos/bin/ld: /opt/andraos/lib/gcc/x86_64-andraos/15.2.0/../../../../x86_64-andraos/lib/libc.a(libc_a-sbrkr.o): in function `_sbrk_r':
/c/msys64/home/ANDRA/workspace/build-newlib/x86_64-andraos/newlib/../../../andraos-newlib/newlib-cygwin/newlib/libc/reent/sbrkr.c:51:(.text+0x1a): undefined reference to `sbrk'
collect2: error: ld returned 1 exit status
configure:3612: $? = 1
configure:3825: checking whether we are cross compiling
configure:3863: result: yes
configure:3867: checking for suffix of object files
configure:3889: x86_64-andraos-gcc -B/c/msys64/home/ANDRA/workspace/andraos-newlib/newlib-cygwin/build-newlib/x86_64-andraos/newlib/ -isystem /c/msys64/home/ANDRA/workspace/andraos-newlib/newlib-cygwin/build-newlib/x86_64-andraos/newlib/targ-include -isystem /c/msys64/home/ANDRA/workspace/andraos-newlib/newlib-cygwin/newlib/libc/include -B/c/msys64/home/ANDRA/workspace/andraos-newlib/newlib-cygwin/build-newlib/x86_64-andraos/libgloss/x86_64 -L/c/msys64/home/ANDRA/workspace/andraos-newlib/newlib-cygwin/build-newlib/x86_64-andraos/libgloss/libnosys -L/c/msys64/home/ANDRA/workspace/andraos-newlib/newlib-cygwin/libgloss/x86_64    -c -g -O2  conftest.c >&5
configure:3893: $? = 0
configure:3914: result: o
configure:3918: checking whether we are using the GNU C compiler
configure:3937: x86_64-andraos-gcc -B/c/msys64/home/ANDRA/workspace/andraos-newlib/newlib-cygwin/build-newlib/x86_64-andraos/newlib/ -isystem /c/msys64/home/ANDRA/workspace/andraos-newlib/newlib-cygwin/build-newlib/x86_64-andraos/newlib/targ-include -isystem /c/msys64/home/ANDRA/workspace/andraos-newlib/newlib-cygwin/newlib/libc/include -B/c/msys64/home/ANDRA/workspace/andraos-newlib/newlib-cygwin/build-newlib/x86_64-andraos/libgloss/x86_64 -L/c/msys64/home/ANDRA/workspace/andraos-newlib/newlib-cygwin/build-newlib/x86_64-andraos/libgloss/libnosys -L/c/msys64/home/ANDRA/workspace/andraos-newlib/newlib-cygwin/libgloss/x86_64    -c -g -O2  conftest.c >&5
configure:3937: $? = 0
configure:3946: result: yes
configure:3955: checking whether x86_64-andraos-gcc -B/c/msys64/home/ANDRA/workspace/andraos-newlib/newlib-cygwin/build-newlib/x86_64-andraos/newlib/ -isystem /c/msys64/home/ANDRA/workspace/andraos-newlib/newlib-cygwin/build-newlib/x86_64-andraos/newlib/targ-include -isystem /c/msys64/home/ANDRA/workspace/andraos-newlib/newlib-cygwin/newlib/libc/include -B/c/msys64/home/ANDRA/workspace/andraos-newlib/newlib-cygwin/build-newlib/x86_64-andraos/libgloss/x86_64 -L/c/msys64/home/ANDRA/workspace/andraos-newlib/newlib-cygwin/build-newlib/x86_64-andraos/libgloss/libnosys -L/c/msys64/home/ANDRA/workspace/andraos-newlib/newlib-cygwin/libgloss/x86_64    accepts -g
configure:3975: x86_64-andraos-gcc -B/c/msys64/home/ANDRA/workspace/andraos-newlib/newlib-cygwin/build-newlib/x86_64-andraos/newlib/ -isystem /c/msys64/home/ANDRA/workspace/andraos-newlib/newlib-cygwin/build-newlib/x86_64-andraos/newlib/targ-include -isystem /c/msys64/home/ANDRA/workspace/andraos-newlib/newlib-cygwin/newlib/libc/include -B/c/msys64/home/ANDRA/workspace/andraos-newlib/newlib-cygwin/build-newlib/x86_64-andraos/libgloss/x86_64 -L/c/msys64/home/ANDRA/workspace/andraos-newlib/newlib-cygwin/build-newlib/x86_64-andraos/libgloss/libnosys -L/c/msys64/home/ANDRA/workspace/andraos-newlib/newlib-cygwin/libgloss/x86_64    -c -g  conftest.c >&5
configure:3975: $? = 0
configure:4016: result: yes
configure:4033: checking for x86_64-andraos-gcc -B/c/msys64/home/ANDRA/workspace/andraos-newlib/newlib-cygwin/build-newlib/x86_64-andraos/newlib/ -isystem /c/msys64/home/ANDRA/workspace/andraos-newlib/newlib-cygwin/build-newlib/x86_64-andraos/newlib/targ-include -isystem /c/msys64/home/ANDRA/workspace/andraos-newlib/newlib-cygwin/newlib/libc/include -B/c/msys64/home/ANDRA/workspace/andraos-newlib/newlib-cygwin/build-newlib/x86_64-andraos/libgloss/x86_64 -L/c/msys64/home/ANDRA/workspace/andraos-newlib/newlib-cygwin/build-newlib/x86_64-andraos/libgloss/libnosys -L/c/msys64/home/ANDRA/workspace/andraos-newlib/newlib-cygwin/libgloss/x86_64    option to accept ISO C89
configure:4094: x86_64-andraos-gcc -B/c/msys64/home/ANDRA/workspace/andraos-newlib/newlib-cygwin/build-newlib/x86_64-andraos/newlib/ -isystem /c/msys64/home/ANDRA/workspace/andraos-newlib/newlib-cygwin/build-newlib/x86_64-andraos/newlib/targ-include -isystem /c/msys64/home/ANDRA/workspace/andraos-newlib/newlib-cygwin/newlib/libc/include -B/c/msys64/home/ANDRA/workspace/andraos-newlib/newlib-cygwin/build-newlib/x86_64-andraos/libgloss/x86_64 -L/c/msys64/home/ANDRA/workspace/andraos-newlib/newlib-cygwin/build-newlib/x86_64-andraos/libgloss/libnosys -L/c/msys64/home/ANDRA/workspace/andraos-newlib/newlib-cygwin/libgloss/x86_64     -c -g -O2  conftest.c >&5
configure:4094: $? = 0
configure:4107: result: none needed
configure:4132: checking whether x86_64-andraos-gcc -B/c/msys64/home/ANDRA/workspace/andraos-newlib/newlib-cygwin/build-newlib/x86_64-andraos/newlib/ -isystem /c/msys64/home/ANDRA/workspace/andraos-newlib/newlib-cygwin/build-newlib/x86_64-andraos/newlib/targ-include -isystem /c/msys64/home/ANDRA/workspace/andraos-newlib/newlib-cygwin/newlib/libc/include -B/c/msys64/home/ANDRA/workspace/andraos-newlib/newlib-cygwin/build-newlib/x86_64-andraos/libgloss/x86_64 -L/c/msys64/home/ANDRA/workspace/andraos-newlib/newlib-cygwin/build-newlib/x86_64-andraos/libgloss/libnosys -L/c/msys64/home/ANDRA/workspace/andraos-newlib/newlib-cygwin/libgloss/x86_64    understands -c and -o together
configure:4154: x86_64-andraos-gcc -B/c/msys64/home/ANDRA/workspace/andraos-newlib/newlib-cygwin/build-newlib/x86_64-andraos/newlib/ -isystem /c/msys64/home/ANDRA/workspace/andraos-newlib/newlib-cygwin/build-newlib/x86_64-andraos/newlib/targ-include -isystem /c/msys64/home/ANDRA/workspace/andraos-newlib/newlib-cygwin/newlib/libc/include -B/c/msys64/home/ANDRA/workspace/andraos-newlib/newlib-cygwin/build-newlib/x86_64-andraos/libgloss/x86_64 -L/c/msys64/home/ANDRA/workspace/andraos-newlib/newlib-cygwin/build-newlib/x86_64-andraos/libgloss/libnosys -L/c/msys64/home/ANDRA/workspace/andraos-newlib/newlib-cygwin/libgloss/x86_64    -c conftest.c -o conftest2.o
configure:4157: $? = 0
configure:4154: x86_64-andraos-gcc -B/c/msys64/home/ANDRA/workspace/andraos-newlib/newlib-cygwin/build-newlib/x86_64-andraos/newlib/ -isystem /c/msys64/home/ANDRA/workspace/andraos-newlib/newlib-cygwin/build-newlib/x86_64-andraos/newlib/targ-include -isystem /c/msys64/home/ANDRA/workspace/andraos-newlib/newlib-cygwin/newlib/libc/include -B/c/msys64/home/ANDRA/workspace/andraos-newlib/newlib-cygwin/build-newlib/x86_64-andraos/libgloss/x86_64 -L/c/msys64/home/ANDRA/workspace/andraos-newlib/newlib-cygwin/build-newlib/x86_64-andraos/libgloss/libnosys -L/c/msys64/home/ANDRA/workspace/andraos-newlib/newlib-cygwin/libgloss/x86_64    -c conftest.c -o conftest2.o
configure:4157: $? = 0
configure:4169: result: yes
configure:4188: checking dependency style of x86_64-andraos-gcc -B/c/msys64/home/ANDRA/workspace/andraos-newlib/newlib-cygwin/build-newlib/x86_64-andraos/newlib/ -isystem /c/msys64/home/ANDRA/workspace/andraos-newlib/newlib-cygwin/build-newlib/x86_64-andraos/newlib/targ-include -isystem /c/msys64/home/ANDRA/workspace/andraos-newlib/newlib-cygwin/newlib/libc/include -B/c/msys64/home/ANDRA/workspace/andraos-newlib/newlib-cygwin/build-newlib/x86_64-andraos/libgloss/x86_64 -L/c/msys64/home/ANDRA/workspace/andraos-newlib/newlib-cygwin/build-newlib/x86_64-andraos/libgloss/libnosys -L/c/msys64/home/ANDRA/workspace/andraos-newlib/newlib-cygwin/libgloss/x86_64   
configure:4299: result: gcc3
configure:4319: checking how to run the C preprocessor
configure:4350: x86_64-andraos-gcc -B/c/msys64/home/ANDRA/workspace/andraos-newlib/newlib-cygwin/build-newlib/x86_64-andraos/newlib/ -isystem /c/msys64/home/ANDRA/workspace/andraos-newlib/newlib-cygwin/build-newlib/x86_64-andraos/newlib/targ-include -isystem /c/msys64/home/ANDRA/workspace/andraos-newlib/newlib-cygwin/newlib/libc/include -B/c/msys64/home/ANDRA/workspace/andraos-newlib/newlib-cygwin/build-newlib/x86_64-andraos/libgloss/x86_64 -L/c/msys64/home/ANDRA/workspace/andraos-newlib/newlib-cygwin/build-newlib/x86_64-andraos/libgloss/libnosys -L/c/msys64/home/ANDRA/workspace/andraos-newlib/newlib-cygwin/libgloss/x86_64    -E  conftest.c
configure:4350: $? = 0
configure:4364: x86_64-andraos-gcc -B/c/msys64/home/ANDRA/workspace/andraos-newlib/newlib-cygwin/build-newlib/x86_64-andraos/newlib/ -isystem /c/msys64/home/ANDRA/workspace/andraos-newlib/newlib-cygwin/build-newlib/x86_64-andraos/newlib/targ-include -isystem /c/msys64/home/ANDRA/workspace/andraos-newlib/newlib-cygwin/newlib/libc/include -B/c/msys64/home/ANDRA/workspace/andraos-newlib/newlib-cygwin/build-newlib/x86_64-andraos/libgloss/x86_64 -L/c/msys64/home/ANDRA/workspace/andraos-newlib/newlib-cygwin/build-newlib/x86_64-andraos/libgloss/libnosys -L/c/msys64/home/ANDRA/workspace/andraos-newlib/newlib-cygwin/libgloss/x86_64    -E  conftest.c
conftest.c:9:10: fatal error: ac_nonexistent.h: No such file or directory
    9 | #include <ac_nonexistent.h>
      |          ^~~~~~~~~~~~~~~~~~
compilation terminated.
configure:4364: $? = 1
configure: failed program was:
| /* confdefs.h */
| #define PACKAGE_NAME "newlib"
| #define PACKAGE_TARNAME "newlib"
| #define PACKAGE_VERSION "4.6.0"
| #define PACKAGE_STRING "newlib 4.6.0"
| #define PACKAGE_BUGREPORT ""
| #define PACKAGE_URL ""
| /* end confdefs.h.  */
| #include <ac_nonexistent.h>
configure:4389: result: x86_64-andraos-gcc -B/c/msys64/home/ANDRA/workspace/andraos-newlib/newlib-cygwin/build-newlib/x86_64-andraos/newlib/ -isystem /c/msys64/home/ANDRA/workspace/andraos-newlib/newlib-cygwin/build-newlib/x86_64-andraos/newlib/targ-include -isystem /c/msys64/home/ANDRA/workspace/andraos-newlib/newlib-cygwin/newlib/libc/include -B/c/msys64/home/ANDRA/workspace/andraos-newlib/newlib-cygwin/build-newlib/x86_64-andraos/libgloss/x86_64 -L/c/msys64/home/ANDRA/workspace/andraos-newlib/newlib-cygwin/build-newlib/x86_64-andraos/libgloss/libnosys -L/c/msys64/home/ANDRA/workspace/andraos-newlib/newlib-cygwin/libgloss/x86_64    -E
configure:4409: x86_64-andraos-gcc -B/c/msys64/home/ANDRA/workspace/andraos-newlib/newlib-cygwin/build-newlib/x86_64-andraos/newlib/ -isystem /c/msys64/home/ANDRA/workspace/andraos-newlib/newlib-cygwin/build-newlib/x86_64-andraos/newlib/targ-include -isystem /c/msys64/home/ANDRA/workspace/andraos-newlib/newlib-cygwin/newlib/libc/include -B/c/msys64/home/ANDRA/workspace/andraos-newlib/newlib-cygwin/build-newlib/x86_64-andraos/libgloss/x86_64 -L/c/msys64/home/ANDRA/workspace/andraos-newlib/newlib-cygwin/build-newlib/x86_64-andraos/libgloss/libnosys -L/c/msys64/home/ANDRA/workspace/andraos-newlib/newlib-cygwin/libgloss/x86_64    -E  conftest.c
configure:4409: $? = 0
configure:4423: x86_64-andraos-gcc -B/c/msys64/home/ANDRA/workspace/andraos-newlib/newlib-cygwin/build-newlib/x86_64-andraos/newlib/ -isystem /c/msys64/home/ANDRA/workspace/andraos-newlib/newlib-cygwin/build-newlib/x86_64-andraos/newlib/targ-include -isystem /c/msys64/home/ANDRA/workspace/andraos-newlib/newlib-cygwin/newlib/libc/include -B/c/msys64/home/ANDRA/workspace/andraos-newlib/newlib-cygwin/build-newlib/x86_64-andraos/libgloss/x86_64 -L/c/msys64/home/ANDRA/workspace/andraos-newlib/newlib-cygwin/build-newlib/x86_64-andraos/libgloss/libnosys -L/c/msys64/home/ANDRA/workspace/andraos-newlib/newlib-cygwin/libgloss/x86_64    -E  conftest.c
conftest.c:9:10: fatal error: ac_nonexistent.h: No such file or directory
    9 | #include <ac_nonexistent.h>
      |          ^~~~~~~~~~~~~~~~~~
compilation terminated.
configure:4423: $? = 1
configure: failed program was:
| /* confdefs.h */
| #define PACKAGE_NAME "newlib"
| #define PACKAGE_TARNAME "newlib"
| #define PACKAGE_VERSION "4.6.0"
| #define PACKAGE_STRING "newlib 4.6.0"
| #define PACKAGE_BUGREPORT ""
| #define PACKAGE_URL ""
| /* end confdefs.h.  */
| #include <ac_nonexistent.h>
configure:4460: checking dependency style of x86_64-andraos-gcc -B/c/msys64/home/ANDRA/workspace/andraos-newlib/newlib-cygwin/build-newlib/x86_64-andraos/newlib/ -isystem /c/msys64/home/ANDRA/workspace/andraos-newlib/newlib-cygwin/build-newlib/x86_64-andraos/newlib/targ-include -isystem /c/msys64/home/ANDRA/workspace/andraos-newlib/newlib-cygwin/newlib/libc/include -B/c/msys64/home/ANDRA/workspace/andraos-newlib/newlib-cygwin/build-newlib/x86_64-andraos/libgloss/x86_64 -L/c/msys64/home/ANDRA/workspace/andraos-newlib/newlib-cygwin/build-newlib/x86_64-andraos/libgloss/libnosys -L/c/msys64/home/ANDRA/workspace/andraos-newlib/newlib-cygwin/libgloss/x86_64   
configure:4569: result: gcc3
configure:4590: checking for x86_64-andraos-ar
configure:4617: result: x86_64-andraos-ar
configure:4687: checking the archiver (x86_64-andraos-ar) interface
configure:4703: x86_64-andraos-gcc -B/c/msys64/home/ANDRA/workspace/andraos-newlib/newlib-cygwin/build-newlib/x86_64-andraos/newlib/ -isystem /c/msys64/home/ANDRA/workspace/andraos-newlib/newlib-cygwin/build-newlib/x86_64-andraos/newlib/targ-include -isystem /c/msys64/home/ANDRA/workspace/andraos-newlib/newlib-cygwin/newlib/libc/include -B/c/msys64/home/ANDRA/workspace/andraos-newlib/newlib-cygwin/build-newlib/x86_64-andraos/libgloss/x86_64 -L/c/msys64/home/ANDRA/workspace/andraos-newlib/newlib-cygwin/build-newlib/x86_64-andraos/libgloss/libnosys -L/c/msys64/home/ANDRA/workspace/andraos-newlib/newlib-cygwin/libgloss/x86_64    -c -g -O2  conftest.c >&5
configure:4703: $? = 0
configure:4705: x86_64-andraos-ar cru libconftest.a conftest.o >&5
configure:4708: $? = 0
configure:4736: result: ar
configure:4986: checking whether to enable maintainer-specific portions of Makefiles
configure:4995: result: no
configure:5019: checking whether make supports nested variables
configure:5036: result: yes
configure:5053: checking for x86_64-andraos-ranlib
configure:5080: result: x86_64-andraos-ranlib
configure:5145: checking for x86_64-andraos-readelf
configure:5172: result: x86_64-andraos-readelf
configure:5560: checking for long double
configure:5593: result: yes
configure:6300: checking for XCHAL_HAVE_FP_SQRT
configure:6322: x86_64-andraos-gcc -B/c/msys64/home/ANDRA/workspace/andraos-newlib/newlib-cygwin/build-newlib/x86_64-andraos/newlib/ -isystem /c/msys64/home/ANDRA/workspace/andraos-newlib/newlib-cygwin/build-newlib/x86_64-andraos/newlib/targ-include -isystem /c/msys64/home/ANDRA/workspace/andraos-newlib/newlib-cygwin/newlib/libc/include -B/c/msys64/home/ANDRA/workspace/andraos-newlib/newlib-cygwin/build-newlib/x86_64-andraos/libgloss/x86_64 -L/c/msys64/home/ANDRA/workspace/andraos-newlib/newlib-cygwin/build-newlib/x86_64-andraos/libgloss/libnosys -L/c/msys64/home/ANDRA/workspace/andraos-newlib/newlib-cygwin/libgloss/x86_64    -E  conftest.c
configure:6322: $? = 0
configure:6329: result: yes
configure:6524: checking for build system executable suffix
cc1: fatal error: am_c_test.c: No such file or directory
compilation terminated.
configure:6539: result: no
configure:6727: checking if x86_64-andraos-gcc -B/c/msys64/home/ANDRA/workspace/andraos-newlib/newlib-cygwin/build-newlib/x86_64-andraos/newlib/ -isystem /c/msys64/home/ANDRA/workspace/andraos-newlib/newlib-cygwin/build-newlib/x86_64-andraos/newlib/targ-include -isystem /c/msys64/home/ANDRA/workspace/andraos-newlib/newlib-cygwin/newlib/libc/include -B/c/msys64/home/ANDRA/workspace/andraos-newlib/newlib-cygwin/build-newlib/x86_64-andraos/libgloss/x86_64 -L/c/msys64/home/ANDRA/workspace/andraos-newlib/newlib-cygwin/build-newlib/x86_64-andraos/libgloss/libnosys -L/c/msys64/home/ANDRA/workspace/andraos-newlib/newlib-cygwin/libgloss/x86_64    has enabled misaligned hardware access
configure:6741: x86_64-andraos-gcc -B/c/msys64/home/ANDRA/workspace/andraos-newlib/newlib-cygwin/build-newlib/x86_64-andraos/newlib/ -isystem /c/msys64/home/ANDRA/workspace/andraos-newlib/newlib-cygwin/build-newlib/x86_64-andraos/newlib/targ-include -isystem /c/msys64/home/ANDRA/workspace/andraos-newlib/newlib-cygwin/newlib/libc/include -B/c/msys64/home/ANDRA/workspace/andraos-newlib/newlib-cygwin/build-newlib/x86_64-andraos/libgloss/x86_64 -L/c/msys64/home/ANDRA/workspace/andraos-newlib/newlib-cygwin/build-newlib/x86_64-andraos/libgloss/libnosys -L/c/msys64/home/ANDRA/workspace/andraos-newlib/newlib-cygwin/libgloss/x86_64    -g -O2  -c conftest.c
conftest.c:4:2: error: #error "misaligned access is not supported"
    4 | #error "misaligned access is not supported"
      |  ^~~~~
configure:6744: $? = 1
configure:6751: result: no
configure:7326: checking for .preinit_array/.init_array/.fini_array support
configure:7339: x86_64-andraos-gcc -B/c/msys64/home/ANDRA/workspace/andraos-newlib/newlib-cygwin/build-newlib/x86_64-andraos/newlib/ -isystem /c/msys64/home/ANDRA/workspace/andraos-newlib/newlib-cygwin/build-newlib/x86_64-andraos/newlib/targ-include -isystem /c/msys64/home/ANDRA/workspace/andraos-newlib/newlib-cygwin/newlib/libc/include -B/c/msys64/home/ANDRA/workspace/andraos-newlib/newlib-cygwin/build-newlib/x86_64-andraos/libgloss/x86_64 -L/c/msys64/home/ANDRA/workspace/andraos-newlib/newlib-cygwin/build-newlib/x86_64-andraos/libgloss/libnosys -L/c/msys64/home/ANDRA/workspace/andraos-newlib/newlib-cygwin/libgloss/x86_64    -g -O2  -c -o conftest conftest.c
							1>&5
configure:7342: $? = 0
configure:7355: result: yes
configure:7363: checking if x86_64-andraos-gcc -B/c/msys64/home/ANDRA/workspace/andraos-newlib/newlib-cygwin/build-newlib/x86_64-andraos/newlib/ -isystem /c/msys64/home/ANDRA/workspace/andraos-newlib/newlib-cygwin/build-newlib/x86_64-andraos/newlib/targ-include -isystem /c/msys64/home/ANDRA/workspace/andraos-newlib/newlib-cygwin/newlib/libc/include -B/c/msys64/home/ANDRA/workspace/andraos-newlib/newlib-cygwin/build-newlib/x86_64-andraos/libgloss/x86_64 -L/c/msys64/home/ANDRA/workspace/andraos-newlib/newlib-cygwin/build-newlib/x86_64-andraos/libgloss/libnosys -L/c/msys64/home/ANDRA/workspace/andraos-newlib/newlib-cygwin/libgloss/x86_64    accepts -fno-tree-loop-distribute-patterns with __attribute__ ((__optimize__))
configure:7378: x86_64-andraos-gcc -B/c/msys64/home/ANDRA/workspace/andraos-newlib/newlib-cygwin/build-newlib/x86_64-andraos/newlib/ -isystem /c/msys64/home/ANDRA/workspace/andraos-newlib/newlib-cygwin/build-newlib/x86_64-andraos/newlib/targ-include -isystem /c/msys64/home/ANDRA/workspace/andraos-newlib/newlib-cygwin/newlib/libc/include -B/c/msys64/home/ANDRA/workspace/andraos-newlib/newlib-cygwin/build-newlib/x86_64-andraos/libgloss/x86_64 -L/c/msys64/home/ANDRA/workspace/andraos-newlib/newlib-cygwin/build-newlib/x86_64-andraos/libgloss/libnosys -L/c/msys64/home/ANDRA/workspace/andraos-newlib/newlib-cygwin/libgloss/x86_64    -g -O2  -c
			    -fno-tree-loop-distribute-patterns conftest.c
configure:7381: $? = 0
configure:7388: result: yes
configure:7397: checking for long double
configure:7430: result: yes
configure:7452: checking whether long double equals double
configure:7468: x86_64-andraos-gcc -B/c/msys64/home/ANDRA/workspace/andraos-newlib/newlib-cygwin/build-newlib/x86_64-andraos/newlib/ -isystem /c/msys64/home/ANDRA/workspace/andraos-newlib/newlib-cygwin/build-newlib/x86_64-andraos/newlib/targ-include -isystem /c/msys64/home/ANDRA/workspace/andraos-newlib/newlib-cygwin/newlib/libc/include -B/c/msys64/home/ANDRA/workspace/andraos-newlib/newlib-cygwin/build-newlib/x86_64-andraos/libgloss/x86_64 -L/c/msys64/home/ANDRA/workspace/andraos-newlib/newlib-cygwin/build-newlib/x86_64-andraos/libgloss/libnosys -L/c/msys64/home/ANDRA/workspace/andraos-newlib/newlib-cygwin/libgloss/x86_64    -g -O2  -c -o conftest.o conftest.c
							1>&5
conftest.c:5:4: error: #error "LDBL != DBL"
    5 |   #error "LDBL != DBL"
      |    ^~~~~
configure:7471: $? = 1
configure:7480: result: no
configure:7555: updating cache ./config.cache
configure:7615: checking that generated files are newer than configure
configure:7621: result: done
configure:8160: creating ./config.status

## ---------------------- ##
## Running config.status. ##
## ---------------------- ##

This file was extended by newlib config.status 4.6.0, which was
generated by GNU Autoconf 2.69.  Invocation command line was

  CONFIG_FILES    = 
  CONFIG_HEADERS  = 
  CONFIG_LINKS    = 
  CONFIG_COMMANDS = 
  $ ./config.status 

on VICTUS-15

config.status:1189: creating Makefile
config.status:1189: creating newlib.h
config.status:1189: creating _newlib_version.h
config.status:1403: executing default-1 commands
config.status:1403: executing depfiles commands

## ---------------- ##
## Cache variables. ##
## ---------------- ##

ac_cv_build=x86_64-pc-cygwin
ac_cv_c_compiler_gnu=yes
ac_cv_env_CCASFLAGS_set=
ac_cv_env_CCASFLAGS_value=
ac_cv_env_CCAS_set=
ac_cv_env_CCAS_value=
ac_cv_env_CC_set=set
ac_cv_env_CC_value='x86_64-andraos-gcc -B/c/msys64/home/ANDRA/workspace/andraos-newlib/newlib-cygwin/build-newlib/x86_64-andraos/newlib/ -isystem /c/msys64/home/ANDRA/workspace/andraos-newlib/newlib-cygwin/build-newlib/x86_64-andraos/newlib/targ-include -isystem /c/msys64/home/ANDRA/workspace/andraos-newlib/newlib-cygwin/newlib/libc/include -B/c/msys64/home/ANDRA/workspace/andraos-newlib/newlib-cygwin/build-newlib/x86_64-andraos/libgloss/x86_64 -L/c/msys64/home/ANDRA/workspace/andraos-newlib/newlib-cygwin/build-newlib/x86_64-andraos/libgloss/libnosys -L/c/msys64/home/ANDRA/workspace/andraos-newlib/newlib-cygwin/libgloss/x86_64   '
ac_cv_env_CFLAGS_set=set
ac_cv_env_CFLAGS_value='-g -O2'
ac_cv_env_CPPFLAGS_set=set
ac_cv_env_CPPFLAGS_value=
ac_cv_env_CPP_set=
ac_cv_env_CPP_value=
ac_cv_env_LDFLAGS_set=set
ac_cv_env_LDFLAGS_value=
ac_cv_env_LIBS_set=
ac_cv_env_LIBS_value=
ac_cv_env_build_alias_set=set
ac_cv_env_build_alias_value=x86_64-pc-cygwin
ac_cv_env_host_alias_set=set
ac_cv_env_host_alias_value=x86_64-andraos
ac_cv_env_target_alias_set=set
ac_cv_env_target_alias_value=x86_64-andraos
ac_cv_host=x86_64-pc-andraos
ac_cv_objext=o
ac_cv_path_mkdir=/usr/bin/mkdir
ac_cv_prog_AR=x86_64-andraos-ar
ac_cv_prog_AWK=gawk
ac_cv_prog_CC='x86_64-andraos-gcc -B/c/msys64/home/ANDRA/workspace/andraos-newlib/newlib-cygwin/build-newlib/x86_64-andraos/newlib/ -isystem /c/msys64/home/ANDRA/workspace/andraos-newlib/newlib-cygwin/build-newlib/x86_64-andraos/newlib/targ-include -isystem /c/msys64/home/ANDRA/workspace/andraos-newlib/newlib-cygwin/newlib/libc/include -B/c/msys64/home/ANDRA/workspace/andraos-newlib/newlib-cygwin/build-newlib/x86_64-andraos/libgloss/x86_64 -L/c/msys64/home/ANDRA/workspace/andraos-newlib/newlib-cygwin/build-newlib/x86_64-andraos/libgloss/libnosys -L/c/msys64/home/ANDRA/workspace/andraos-newlib/newlib-cygwin/libgloss/x86_64   '
ac_cv_prog_CPP='x86_64-andraos-gcc -B/c/msys64/home/ANDRA/workspace/andraos-newlib/newlib-cygwin/build-newlib/x86_64-andraos/newlib/ -isystem /c/msys64/home/ANDRA/workspace/andraos-newlib/newlib-cygwin/build-newlib/x86_64-andraos/newlib/targ-include -isystem /c/msys64/home/ANDRA/workspace/andraos-newlib/newlib-cygwin/newlib/libc/include -B/c/msys64/home/ANDRA/workspace/andraos-newlib/newlib-cygwin/build-newlib/x86_64-andraos/libgloss/x86_64 -L/c/msys64/home/ANDRA/workspace/andraos-newlib/newlib-cygwin/build-newlib/x86_64-andraos/libgloss/libnosys -L/c/msys64/home/ANDRA/workspace/andraos-newlib/newlib-cygwin/libgloss/x86_64    -E'
ac_cv_prog_RANLIB=x86_64-andraos-ranlib
ac_cv_prog_READELF=x86_64-andraos-readelf
ac_cv_prog_STRIP=x86_64-andraos-strip
ac_cv_prog_cc_c89=
ac_cv_prog_cc_g=yes
ac_cv_prog_make_make_set=yes
ac_cv_type_long_double=yes
am_cv_CCAS_dependencies_compiler_type=gcc3
am_cv_CC_dependencies_compiler_type=gcc3
am_cv_ar_interface=ar
am_cv_make_support_nested_variables=yes
am_cv_prog_cc_c_o=yes
newlib_cv_build_exeext=no
newlib_cv_cc_loop_to_function=yes
newlib_cv_hw_misaligned_access=no
newlib_cv_initfinit_array=yes
newlib_cv_ldbl_eq_dbl=no
newlib_cv_xchal_have_fp_sqrt=yes

## ----------------- ##
## Output variables. ##
## ----------------- ##

ACLOCAL='${SHELL} /c/msys64/home/ANDRA/workspace/andraos-newlib/newlib-cygwin/missing aclocal-1.15'
AMDEPBACKSLASH='\'
AMDEP_FALSE='#'
AMDEP_TRUE=''
AMTAR='$${TAR-tar}'
AM_BACKSLASH='\'
AM_DEFAULT_V='$(AM_DEFAULT_VERBOSITY)'
AM_DEFAULT_VERBOSITY='0'
AM_V='$(V)'
AR='x86_64-andraos-ar'
AUTOCONF='${SHELL} /c/msys64/home/ANDRA/workspace/andraos-newlib/newlib-cygwin/missing autoconf'
AUTOHEADER='${SHELL} /c/msys64/home/ANDRA/workspace/andraos-newlib/newlib-cygwin/missing autoheader'
AUTOMAKE='${SHELL} /c/msys64/home/ANDRA/workspace/andraos-newlib/newlib-cygwin/missing automake-1.15'
AWK='gawk'
CC='x86_64-andraos-gcc -B/c/msys64/home/ANDRA/workspace/andraos-newlib/newlib-cygwin/build-newlib/x86_64-andraos/newlib/ -isystem /c/msys64/home/ANDRA/workspace/andraos-newlib/newlib-cygwin/build-newlib/x86_64-andraos/newlib/targ-include -isystem /c/msys64/home/ANDRA/workspace/andraos-newlib/newlib-cygwin/newlib/libc/include -B/c/msys64/home/ANDRA/workspace/andraos-newlib/newlib-cygwin/build-newlib/x86_64-andraos/libgloss/x86_64 -L/c/msys64/home/ANDRA/workspace/andraos-newlib/newlib-cygwin/build-newlib/x86_64-andraos/libgloss/libnosys -L/c/msys64/home/ANDRA/workspace/andraos-newlib/newlib-cygwin/libgloss/x86_64   '
CCAS='x86_64-andraos-gcc -B/c/msys64/home/ANDRA/workspace/andraos-newlib/newlib-cygwin/build-newlib/x86_64-andraos/newlib/ -isystem /c/msys64/home/ANDRA/workspace/andraos-newlib/newlib-cygwin/build-newlib/x86_64-andraos/newlib/targ-include -isystem /c/msys64/home/ANDRA/workspace/andraos-newlib/newlib-cygwin/newlib/libc/include -B/c/msys64/home/ANDRA/workspace/andraos-newlib/newlib-cygwin/build-newlib/x86_64-andraos/libgloss/x86_64 -L/c/msys64/home/ANDRA/workspace/andraos-newlib/newlib-cygwin/build-newlib/x86_64-andraos/libgloss/libnosys -L/c/msys64/home/ANDRA/workspace/andraos-newlib/newlib-cygwin/libgloss/x86_64   '
CCASDEPMODE='depmode=gcc3'
CCASFLAGS='-g -O2'
CCDEPMODE='depmode=gcc3'
CC_FOR_BUILD='gcc'
CC_FOR_NEWLIB='x86_64-andraos-gcc -B/c/msys64/home/ANDRA/workspace/andraos-newlib/newlib-cygwin/build-newlib/x86_64-andraos/newlib/ -isystem /c/msys64/home/ANDRA/workspace/andraos-newlib/newlib-cygwin/build-newlib/x86_64-andraos/newlib/targ-include -isystem /c/msys64/home/ANDRA/workspace/andraos-newlib/newlib-cygwin/newlib/libc/include -B/c/msys64/home/ANDRA/workspace/andraos-newlib/newlib-cygwin/build-newlib/x86_64-andraos/libgloss/x86_64 -L/c/msys64/home/ANDRA/workspace/andraos-newlib/newlib-cygwin/build-newlib/x86_64-andraos/libgloss/libnosys -L/c/msys64/home/ANDRA/workspace/andraos-newlib/newlib-cygwin/libgloss/x86_64   '
CFLAGS='-g -O2'
CPP='x86_64-andraos-gcc -B/c/msys64/home/ANDRA/workspace/andraos-newlib/newlib-cygwin/build-newlib/x86_64-andraos/newlib/ -isystem /c/msys64/home/ANDRA/workspace/andraos-newlib/newlib-cygwin/build-newlib/x86_64-andraos/newlib/targ-include -isystem /c/msys64/home/ANDRA/workspace/andraos-newlib/newlib-cygwin/newlib/libc/include -B/c/msys64/home/ANDRA/workspace/andraos-newlib/newlib-cygwin/build-newlib/x86_64-andraos/libgloss/x86_64 -L/c/msys64/home/ANDRA/workspace/andraos-newlib/newlib-cygwin/build-newlib/x86_64-andraos/libgloss/libnosys -L/c/msys64/home/ANDRA/workspace/andraos-newlib/newlib-cygwin/libgloss/x86_64    -E'
CPPFLAGS=''
CRT0='crt0.o'
CRT0_DIR='libc/sys/andraos/'
CRT1=''
CRT1_DIR=''
CYGPATH_W='cygpath -w'
DEFS='-DHAVE_CONFIG_H'
DEPDIR='.deps'
ECHO_C=''
ECHO_N='-n'
ECHO_T=''
ELIX_LEVEL_0_FALSE='#'
ELIX_LEVEL_0_TRUE=''
ELIX_LEVEL_1_FALSE=''
ELIX_LEVEL_1_TRUE='#'
ELIX_LEVEL_2_FALSE=''
ELIX_LEVEL_2_TRUE='#'
ELIX_LEVEL_3_FALSE=''
ELIX_LEVEL_3_TRUE='#'
ELIX_LEVEL_4_FALSE=''
ELIX_LEVEL_4_TRUE='#'
ENABLE_NEWLIB_ICONV_FALSE=''
ENABLE_NEWLIB_ICONV_TRUE='#'
EXEEXT=''
EXEEXT_FOR_BUILD=''
HAS_NDS32_FPU_DP_FALSE=''
HAS_NDS32_FPU_DP_TRUE='#'
HAS_NDS32_FPU_SP_FALSE=''
HAS_NDS32_FPU_SP_TRUE='#'
HAVE_CRT0_FALSE='#'
HAVE_CRT0_TRUE=''
HAVE_DOC_FALSE='#'
HAVE_DOC_TRUE=''
HAVE_FPMATH_H_FALSE='#'
HAVE_FPMATH_H_TRUE=''
HAVE_LIBC_MACHINE_AARCH64_FALSE=''
HAVE_LIBC_MACHINE_AARCH64_TRUE='#'
HAVE_LIBC_MACHINE_AMDGCN_FALSE=''
HAVE_LIBC_MACHINE_AMDGCN_TRUE='#'
HAVE_LIBC_MACHINE_ARC64_FALSE=''
HAVE_LIBC_MACHINE_ARC64_TRUE='#'
HAVE_LIBC_MACHINE_ARC_FALSE=''
HAVE_LIBC_MACHINE_ARC_TRUE='#'
HAVE_LIBC_MACHINE_ARM_FALSE=''
HAVE_LIBC_MACHINE_ARM_TRUE='#'
HAVE_LIBC_MACHINE_BFIN_FALSE=''
HAVE_LIBC_MACHINE_BFIN_TRUE='#'
HAVE_LIBC_MACHINE_CR16_FALSE=''
HAVE_LIBC_MACHINE_CR16_TRUE='#'
HAVE_LIBC_MACHINE_CRIS_FALSE=''
HAVE_LIBC_MACHINE_CRIS_TRUE='#'
HAVE_LIBC_MACHINE_CRX_FALSE=''
HAVE_LIBC_MACHINE_CRX_TRUE='#'
HAVE_LIBC_MACHINE_CSKY_FALSE=''
HAVE_LIBC_MACHINE_CSKY_TRUE='#'
HAVE_LIBC_MACHINE_D10V_FALSE=''
HAVE_LIBC_MACHINE_D10V_TRUE='#'
HAVE_LIBC_MACHINE_D30V_FALSE=''
HAVE_LIBC_MACHINE_D30V_TRUE='#'
HAVE_LIBC_MACHINE_EPIPHANY_FALSE=''
HAVE_LIBC_MACHINE_EPIPHANY_TRUE='#'
HAVE_LIBC_MACHINE_FR30_FALSE=''
HAVE_LIBC_MACHINE_FR30_TRUE='#'
HAVE_LIBC_MACHINE_FRV_FALSE=''
HAVE_LIBC_MACHINE_FRV_TRUE='#'
HAVE_LIBC_MACHINE_FT32_FALSE=''
HAVE_LIBC_MACHINE_FT32_TRUE='#'
HAVE_LIBC_MACHINE_H8300_FALSE=''
HAVE_LIBC_MACHINE_H8300_TRUE='#'
HAVE_LIBC_MACHINE_H8500_FALSE=''
HAVE_LIBC_MACHINE_H8500_TRUE='#'
HAVE_LIBC_MACHINE_HPPA_FALSE=''
HAVE_LIBC_MACHINE_HPPA_TRUE='#'
HAVE_LIBC_MACHINE_I386_FALSE=''
HAVE_LIBC_MACHINE_I386_TRUE='#'
HAVE_LIBC_MACHINE_I960_FALSE=''
HAVE_LIBC_MACHINE_I960_TRUE='#'
HAVE_LIBC_MACHINE_IQ2000_FALSE=''
HAVE_LIBC_MACHINE_IQ2000_TRUE='#'
HAVE_LIBC_MACHINE_LM32_FALSE=''
HAVE_LIBC_MACHINE_LM32_TRUE='#'
HAVE_LIBC_MACHINE_M32C_FALSE=''
HAVE_LIBC_MACHINE_M32C_TRUE='#'
HAVE_LIBC_MACHINE_M32R_FALSE=''
HAVE_LIBC_MACHINE_M32R_TRUE='#'
HAVE_LIBC_MACHINE_M68HC11_FALSE=''
HAVE_LIBC_MACHINE_M68HC11_TRUE='#'
HAVE_LIBC_MACHINE_M68K_FALSE=''
HAVE_LIBC_MACHINE_M68K_TRUE='#'
HAVE_LIBC_MACHINE_M88K_FALSE=''
HAVE_LIBC_MACHINE_M88K_TRUE='#'
HAVE_LIBC_MACHINE_MEP_FALSE=''
HAVE_LIBC_MACHINE_MEP_TRUE='#'
HAVE_LIBC_MACHINE_MICROBLAZE_FALSE=''
HAVE_LIBC_MACHINE_MICROBLAZE_TRUE='#'
HAVE_LIBC_MACHINE_MIPS_FALSE=''
HAVE_LIBC_MACHINE_MIPS_TRUE='#'
HAVE_LIBC_MACHINE_MN10200_FALSE=''
HAVE_LIBC_MACHINE_MN10200_TRUE='#'
HAVE_LIBC_MACHINE_MN10300_FALSE=''
HAVE_LIBC_MACHINE_MN10300_TRUE='#'
HAVE_LIBC_MACHINE_MOXIE_FALSE=''
HAVE_LIBC_MACHINE_MOXIE_TRUE='#'
HAVE_LIBC_MACHINE_MSP430_FALSE=''
HAVE_LIBC_MACHINE_MSP430_TRUE='#'
HAVE_LIBC_MACHINE_MT_FALSE=''
HAVE_LIBC_MACHINE_MT_TRUE='#'
HAVE_LIBC_MACHINE_NDS32_FALSE=''
HAVE_LIBC_MACHINE_NDS32_TRUE='#'
HAVE_LIBC_MACHINE_NECV70_FALSE=''
HAVE_LIBC_MACHINE_NECV70_TRUE='#'
HAVE_LIBC_MACHINE_NIOS2_FALSE=''
HAVE_LIBC_MACHINE_NIOS2_TRUE='#'
HAVE_LIBC_MACHINE_NVPTX_FALSE=''
HAVE_LIBC_MACHINE_NVPTX_TRUE='#'
HAVE_LIBC_MACHINE_OR1K_FALSE=''
HAVE_LIBC_MACHINE_OR1K_TRUE='#'
HAVE_LIBC_MACHINE_POWERPC_FALSE=''
HAVE_LIBC_MACHINE_POWERPC_TRUE='#'
HAVE_LIBC_MACHINE_PRU_FALSE=''
HAVE_LIBC_MACHINE_PRU_TRUE='#'
HAVE_LIBC_MACHINE_RISCV_FALSE=''
HAVE_LIBC_MACHINE_RISCV_TRUE='#'
HAVE_LIBC_MACHINE_RL78_FALSE=''
HAVE_LIBC_MACHINE_RL78_TRUE='#'
HAVE_LIBC_MACHINE_RX_FALSE=''
HAVE_LIBC_MACHINE_RX_TRUE='#'
HAVE_LIBC_MACHINE_SH_FALSE=''
HAVE_LIBC_MACHINE_SH_TRUE='#'
HAVE_LIBC_MACHINE_SPARC_FALSE=''
HAVE_LIBC_MACHINE_SPARC_TRUE='#'
HAVE_LIBC_MACHINE_SPU_FALSE=''
HAVE_LIBC_MACHINE_SPU_TRUE='#'
HAVE_LIBC_MACHINE_TIC4X_FALSE=''
HAVE_LIBC_MACHINE_TIC4X_TRUE='#'
HAVE_LIBC_MACHINE_TIC6X_FALSE=''
HAVE_LIBC_MACHINE_TIC6X_TRUE='#'
HAVE_LIBC_MACHINE_TIC80_FALSE=''
HAVE_LIBC_MACHINE_TIC80_TRUE='#'
HAVE_LIBC_MACHINE_V850_FALSE=''
HAVE_LIBC_MACHINE_V850_TRUE='#'
HAVE_LIBC_MACHINE_VISIUM_FALSE=''
HAVE_LIBC_MACHINE_VISIUM_TRUE='#'
HAVE_LIBC_MACHINE_W65_FALSE=''
HAVE_LIBC_MACHINE_W65_TRUE='#'
HAVE_LIBC_MACHINE_X86_64_FALSE='#'
HAVE_LIBC_MACHINE_X86_64_TRUE=''
HAVE_LIBC_MACHINE_XC16X_FALSE=''
HAVE_LIBC_MACHINE_XC16X_TRUE='#'
HAVE_LIBC_MACHINE_XSTORMY16_FALSE=''
HAVE_LIBC_MACHINE_XSTORMY16_TRUE='#'
HAVE_LIBC_MACHINE_XTENSA_FALSE=''
HAVE_LIBC_MACHINE_XTENSA_TRUE='#'
HAVE_LIBC_MACHINE_Z8K_FALSE=''
HAVE_LIBC_MACHINE_Z8K_TRUE='#'
HAVE_LIBC_SYS_A29KHIF_DIR_FALSE=''
HAVE_LIBC_SYS_A29KHIF_DIR_TRUE='#'
HAVE_LIBC_SYS_AMDGCN_DIR_FALSE=''
HAVE_LIBC_SYS_AMDGCN_DIR_TRUE='#'
HAVE_LIBC_SYS_ANDRAOS_DIR_FALSE='#'
HAVE_LIBC_SYS_ANDRAOS_DIR_TRUE=''
HAVE_LIBC_SYS_ARM_DIR_FALSE=''
HAVE_LIBC_SYS_ARM_DIR_TRUE='#'
HAVE_LIBC_SYS_D10V_DIR_FALSE=''
HAVE_LIBC_SYS_D10V_DIR_TRUE='#'
HAVE_LIBC_SYS_EPIPHANY_DIR_FALSE=''
HAVE_LIBC_SYS_EPIPHANY_DIR_TRUE='#'
HAVE_LIBC_SYS_H8300HMS_DIR_FALSE=''
HAVE_LIBC_SYS_H8300HMS_DIR_TRUE='#'
HAVE_LIBC_SYS_H8500HMS_DIR_FALSE=''
HAVE_LIBC_SYS_H8500HMS_DIR_TRUE='#'
HAVE_LIBC_SYS_M88KBUG_DIR_FALSE=''
HAVE_LIBC_SYS_M88KBUG_DIR_TRUE='#'
HAVE_LIBC_SYS_MMIXWARE_DIR_FALSE=''
HAVE_LIBC_SYS_MMIXWARE_DIR_TRUE='#'
HAVE_LIBC_SYS_NETWARE_DIR_FALSE=''
HAVE_LIBC_SYS_NETWARE_DIR_TRUE='#'
HAVE_LIBC_SYS_OR1K_DIR_FALSE=''
HAVE_LIBC_SYS_OR1K_DIR_TRUE='#'
HAVE_LIBC_SYS_RDOS_DIR_FALSE=''
HAVE_LIBC_SYS_RDOS_DIR_TRUE='#'
HAVE_LIBC_SYS_RTEMS_DIR_FALSE=''
HAVE_LIBC_SYS_RTEMS_DIR_TRUE='#'
HAVE_LIBC_SYS_SH_DIR_FALSE=''
HAVE_LIBC_SYS_SH_DIR_TRUE='#'
HAVE_LIBC_SYS_SYSMEC_DIR_FALSE=''
HAVE_LIBC_SYS_SYSMEC_DIR_TRUE='#'
HAVE_LIBC_SYS_SYSNEC810_DIR_FALSE=''
HAVE_LIBC_SYS_SYSNEC810_DIR_TRUE='#'
HAVE_LIBC_SYS_SYSNECV850_DIR_FALSE=''
HAVE_LIBC_SYS_SYSNECV850_DIR_TRUE='#'
HAVE_LIBC_SYS_SYSVI386_DIR_FALSE=''
HAVE_LIBC_SYS_SYSVI386_DIR_TRUE='#'
HAVE_LIBC_SYS_SYSVNECV70_DIR_FALSE=''
HAVE_LIBC_SYS_SYSVNECV70_DIR_TRUE='#'
HAVE_LIBC_SYS_TIC80_DIR_FALSE=''
HAVE_LIBC_SYS_TIC80_DIR_TRUE='#'
HAVE_LIBC_SYS_TIRTOS_DIR_FALSE=''
HAVE_LIBC_SYS_TIRTOS_DIR_TRUE='#'
HAVE_LIBC_SYS_W65_DIR_FALSE=''
HAVE_LIBC_SYS_W65_DIR_TRUE='#'
HAVE_LIBC_SYS_Z8KSIM_DIR_FALSE=''
HAVE_LIBC_SYS_Z8KSIM_DIR_TRUE='#'
HAVE_LIBM_MACHINE_AARCH64_FALSE=''
HAVE_LIBM_MACHINE_AARCH64_TRUE='#'
HAVE_LIBM_MACHINE_AMDGCN_FALSE=''
HAVE_LIBM_MACHINE_AMDGCN_TRUE='#'
HAVE_LIBM_MACHINE_ARM_FALSE=''
HAVE_LIBM_MACHINE_ARM_TRUE='#'
HAVE_LIBM_MACHINE_I386_FALSE=''
HAVE_LIBM_MACHINE_I386_TRUE='#'
HAVE_LIBM_MACHINE_MIPS_FALSE=''
HAVE_LIBM_MACHINE_MIPS_TRUE='#'
HAVE_LIBM_MACHINE_NDS32_FALSE=''
HAVE_LIBM_MACHINE_NDS32_TRUE='#'
HAVE_LIBM_MACHINE_POWERPC_FALSE=''
HAVE_LIBM_MACHINE_POWERPC_TRUE='#'
HAVE_LIBM_MACHINE_PRU_FALSE=''
HAVE_LIBM_MACHINE_PRU_TRUE='#'
HAVE_LIBM_MACHINE_RISCV_FALSE=''
HAVE_LIBM_MACHINE_RISCV_TRUE='#'
HAVE_LIBM_MACHINE_SPARC_FALSE=''
HAVE_LIBM_MACHINE_SPARC_TRUE='#'
HAVE_LIBM_MACHINE_SPU_FALSE=''
HAVE_LIBM_MACHINE_SPU_TRUE='#'
HAVE_LIBM_MACHINE_X86_64_FALSE='#'
HAVE_LIBM_MACHINE_X86_64_TRUE=''
HAVE_LIBM_MACHINE_XTENSA_FALSE=''
HAVE_LIBM_MACHINE_XTENSA_TRUE='#'
HAVE_LONG_DOUBLE_FALSE='#'
HAVE_LONG_DOUBLE_TRUE=''
HAVE_MULTISUBDIR_FALSE=''
HAVE_MULTISUBDIR_TRUE='#'
HAVE_POSIX_DIR_FALSE=''
HAVE_POSIX_DIR_TRUE='#'
HAVE_POWERPC_ALTIVEC_FALSE=''
HAVE_POWERPC_ALTIVEC_TRUE='#'
HAVE_POWERPC_SPE_FALSE=''
HAVE_POWERPC_SPE_TRUE='#'
HAVE_SIGNAL_DIR_FALSE='#'
HAVE_SIGNAL_DIR_TRUE=''
HAVE_SPU_EA_FALSE=''
HAVE_SPU_EA_TRUE='#'
HAVE_STDIO64_DIR_FALSE=''
HAVE_STDIO64_DIR_TRUE='#'
HAVE_STDIO_DIR_FALSE='#'
HAVE_STDIO_DIR_TRUE=''
HAVE_SYSCALL_DIR_FALSE=''
HAVE_SYSCALL_DIR_TRUE='#'
HAVE_UNIX_DIR_FALSE=''
HAVE_UNIX_DIR_TRUE='#'
HAVE_XDR_DIR_FALSE=''
HAVE_XDR_DIR_TRUE='#'
INSTALL_DATA='/usr/bin/install -c -m 644'
INSTALL_PROGRAM='/usr/bin/install -c'
INSTALL_SCRIPT='/usr/bin/install -c'
INSTALL_STRIP_PROGRAM='$(install_sh) -c -s'
IS_NDS32_ISA_V3M_FALSE=''
IS_NDS32_ISA_V3M_TRUE='#'
LDFLAGS=''
LIBOBJS=''
LIBS=''
LTLIBOBJS=''
MACH_ADD_SETJMP_FALSE=''
MACH_ADD_SETJMP_TRUE='#'
MAINT='#'
MAINTAINER_MODE_FALSE=''
MAINTAINER_MODE_TRUE='#'
MAKEINFO='makeinfo --split-size=5000000'
MAY_SUPPLY_SYSCALLS_FALSE=''
MAY_SUPPLY_SYSCALLS_TRUE='#'
MKDIR_P='/usr/bin/mkdir -p'
NEWLIB_CFLAGS='-D_LIBC -fno-builtin -D__NO_SYSCALLS__ -D__andraos__ -U_WIN32 -UWIN32 -U__MINGW32__ -mabi=sysv -fno-asynchronous-unwind-tables -DMISSING_SYSCALL_NAMES -D_HAVE_INIT_FINI'
NEWLIB_HW_FP_FALSE=''
NEWLIB_HW_FP_TRUE='#'
NEWLIB_MAJOR_VERSION=''
NEWLIB_MINOR_VERSION=''
NEWLIB_NANO_FORMATTED_IO_FALSE=''
NEWLIB_NANO_FORMATTED_IO_TRUE='#'
NEWLIB_NANO_MALLOC_FALSE=''
NEWLIB_NANO_MALLOC_TRUE='#'
NEWLIB_PATCHLEVEL_VERSION=''
NEWLIB_RETARGETABLE_LOCKING_FALSE=''
NEWLIB_RETARGETABLE_LOCKING_TRUE='#'
NEWLIB_VERSION=''
NO_INCLUDE_LIST=' rpc/types.h rpc/xdr.h'
OBJEXT='o'
PACKAGE='newlib'
PACKAGE_BUGREPORT=''
PACKAGE_NAME='newlib'
PACKAGE_STRING='newlib 4.6.0'
PACKAGE_TARNAME='newlib'
PACKAGE_URL=''
PACKAGE_VERSION='4.6.0'
PATH_SEPARATOR=':'
RANLIB='x86_64-andraos-ranlib'
READELF='x86_64-andraos-readelf'
SET_MAKE=''
SH64_FALSE=''
SH64_TRUE='#'
SHELL='/bin/sh'
STRIP='x86_64-andraos-strip'
VERSION='4.6.0'
XTENSA_ESP32_PSRAM_CACHE_FIX_FALSE=''
XTENSA_ESP32_PSRAM_CACHE_FIX_TRUE='#'
XTENSA_XCHAL_HAVE_FP_SQRT_FALSE='#'
XTENSA_XCHAL_HAVE_FP_SQRT_TRUE=''
abs_newlib_basedir='/c/msys64/home/ANDRA/workspace/andraos-newlib/newlib-cygwin/newlib'
ac_ct_AR=''
ac_ct_CC=''
am__EXEEXT_FALSE=''
am__EXEEXT_TRUE='#'
am__fastdepCCAS_FALSE='#'
am__fastdepCCAS_TRUE=''
am__fastdepCC_FALSE='#'
am__fastdepCC_TRUE=''
am__include='include'
am__isrc=' -I$(srcdir)'
am__leading_dot='.'
am__nodep='_no'
am__quote=''
am__tar='$${TAR-tar} chof - "$$tardir"'
am__untar='$${TAR-tar} xf -'
bindir='${exec_prefix}/bin'
build='x86_64-pc-cygwin'
build_alias='x86_64-pc-cygwin'
build_cpu='x86_64'
build_os='cygwin'
build_vendor='pc'
datadir='${datarootdir}'
datarootdir='${prefix}/share'
docdir='${datarootdir}/doc/${PACKAGE_TARNAME}'
dvidir='${docdir}'
exec_prefix='${prefix}'
host='x86_64-pc-andraos'
host_alias='x86_64-andraos'
host_cpu='x86_64'
host_os='andraos'
host_vendor='pc'
htmldir='${docdir}'
includedir='${prefix}/include'
infodir='${datarootdir}/info'
install_sh='${SHELL} /c/msys64/home/ANDRA/workspace/andraos-newlib/newlib-cygwin/install-sh'
libdir='${exec_prefix}/lib'
libexecdir='${exec_prefix}/libexec'
libm_machine_dir='x86_64'
localedir='${datarootdir}/locale'
localstatedir='${prefix}/var'
lpfx='lib_a-'
machine_dir='x86_64'
mandir='${datarootdir}/man'
mkdir_p='$(MKDIR_P)'
multi_basedir='../../../newlib/..'
newlib_basedir='../../../newlib/.'
oldincludedir='/usr/include'
pdfdir='${docdir}'
prefix='/opt/andraos'
program_transform_name='s&^&x86_64-andraos-&'
psdir='${docdir}'
sbindir='${exec_prefix}/sbin'
shared_machine_dir='shared_x86'
sharedstatedir='${prefix}/com'
sys_dir='andraos'
sysconfdir='${prefix}/etc'
target_alias='x86_64-andraos'

## ----------- ##
## confdefs.h. ##
## ----------- ##

/* confdefs.h */
#define PACKAGE_NAME "newlib"
#define PACKAGE_TARNAME "newlib"
#define PACKAGE_VERSION "4.6.0"
#define PACKAGE_STRING "newlib 4.6.0"
#define PACKAGE_BUGREPORT ""
#define PACKAGE_URL ""
#define HAVE_LONG_DOUBLE 1
#define _NEWLIB_VERSION "4.6.0"
#define __NEWLIB__ 4
#define __NEWLIB_MINOR__ 6
#define __NEWLIB_PATCHLEVEL__ 0
#define _REENT_CHECK_VERIFY 1
#define _MB_LEN_MAX 1
#define _ATEXIT_DYNAMIC_ALLOC 1
#define _FVWRITE_IN_STREAMIO 1
#define _FSEEK_OPTIMIZATION 1
#define _WIDE_ORIENT 1
#define _UNBUF_STREAM_OPT 1
#define _WANT_USE_GDTOA 1
#define _HAVE_INITFINI_ARRAY 1
#define _HAVE_CC_INHIBIT_LOOP_TO_LIBCALL 1
#define HAVE_LONG_DOUBLE 1
#define _HAVE_LONG_DOUBLE 1

configure: exit 0
