This file contains any messages produced by compilers while
running configure, to aid debugging if configure makes a mistake.

It was created by libgloss configure LIBGLOSS_VERSION, which was
generated by GNU Autoconf 2.69.  Invocation command line was

  $ /c/msys64/home/ANDRA/workspace/andraos-newlib/newlib-cygwin/libgloss/configure --srcdir=../../../libgloss --cache-file=./config.cache --with-newlib --enable-multilib --with-cross-host=x86_64-pc-cygwin --prefix=/opt/andraos --disable-newlib-supplied-syscalls --disable-nls --program-transform-name=s&^&x86_64-andraos-& --disable-option-checking --with-target-subdir=x86_64-andraos --build=x86_64-pc-cygwin --host=x86_64-andraos --target=x86_64-andraos

## --------- ##
## Platform. ##
## --------- ##

hostname = VICTUS-15
uname -m = x86_64
uname -r = 3.6.7-f2802c5f.x86_64
uname -s = MSYS_NT-10.0-26200
uname -v = 2026-03-15 08:40 UTC

/usr/bin/uname -p = unknown
/bin/uname -X     = unknown

/bin/arch              = x86_64
/usr/bin/arch -k       = unknown
/usr/convex/getsysinfo = unknown
/usr/bin/hostinfo      = unknown
/bin/machine           = unknown
/usr/bin/oslevel       = unknown
/bin/universe          = unknown

PATH: /usr/bin
PATH: /opt/andraos/bin


## ----------- ##
## Core tests. ##
## ----------- ##

configure:1915: creating cache ./config.cache
configure:2063: checking for a BSD-compatible install
configure:2131: result: /usr/bin/install -c
configure:2147: checking build system type
configure:2161: result: x86_64-pc-cygwin
configure:2181: checking host system type
configure:2194: result: x86_64-pc-andraos
configure:2214: checking target system type
configure:2227: result: x86_64-pc-andraos
configure:2256: checking whether build environment is sane
configure:2311: result: yes
configure:2370: checking for x86_64-andraos-strip
configure:2397: result: x86_64-andraos-strip
configure:2462: checking for a thread-safe mkdir -p
configure:2501: result: /usr/bin/mkdir -p
configure:2508: checking for gawk
configure:2535: result: gawk
configure:2546: checking whether make sets $(MAKE)
configure:2568: result: yes
configure:2597: checking whether make supports nested variables
configure:2614: result: yes
configure:2732: checking whether to enable maintainer-specific portions of Makefiles
configure:2741: result: no
configure:2765: checking whether make supports nested variables
configure:2782: result: yes
configure:3335: checking for x86_64-andraos-gcc
configure:3362: result: x86_64-andraos-gcc -B/c/msys64/home/ANDRA/workspace/andraos-newlib/newlib-cygwin/build-newlib/x86_64-andraos/newlib/ -isystem /c/msys64/home/ANDRA/workspace/andraos-newlib/newlib-cygwin/build-newlib/x86_64-andraos/newlib/targ-include -isystem /c/msys64/home/ANDRA/workspace/andraos-newlib/newlib-cygwin/newlib/libc/include -B/c/msys64/home/ANDRA/workspace/andraos-newlib/newlib-cygwin/build-newlib/x86_64-andraos/libgloss/x86_64 -L/c/msys64/home/ANDRA/workspace/andraos-newlib/newlib-cygwin/build-newlib/x86_64-andraos/libgloss/libnosys -L/c/msys64/home/ANDRA/workspace/andraos-newlib/newlib-cygwin/libgloss/x86_64   
configure:3631: checking for C compiler version
configure:3640: x86_64-andraos-gcc -B/c/msys64/home/ANDRA/workspace/andraos-newlib/newlib-cygwin/build-newlib/x86_64-andraos/newlib/ -isystem /c/msys64/home/ANDRA/workspace/andraos-newlib/newlib-cygwin/build-newlib/x86_64-andraos/newlib/targ-include -isystem /c/msys64/home/ANDRA/workspace/andraos-newlib/newlib-cygwin/newlib/libc/include -B/c/msys64/home/ANDRA/workspace/andraos-newlib/newlib-cygwin/build-newlib/x86_64-andraos/libgloss/x86_64 -L/c/msys64/home/ANDRA/workspace/andraos-newlib/newlib-cygwin/build-newlib/x86_64-andraos/libgloss/libnosys -L/c/msys64/home/ANDRA/workspace/andraos-newlib/newlib-cygwin/libgloss/x86_64    --version >&5
x86_64-andraos-gcc (GCC) 15.2.0
Copyright (C) 2025 Free Software Foundation, Inc.
This is free software; see the source for copying conditions.  There is NO
warranty; not even for MERCHANTABILITY or FITNESS FOR A PARTICULAR PURPOSE.

configure:3651: $? = 0
configure:3640: x86_64-andraos-gcc -B/c/msys64/home/ANDRA/workspace/andraos-newlib/newlib-cygwin/build-newlib/x86_64-andraos/newlib/ -isystem /c/msys64/home/ANDRA/workspace/andraos-newlib/newlib-cygwin/build-newlib/x86_64-andraos/newlib/targ-include -isystem /c/msys64/home/ANDRA/workspace/andraos-newlib/newlib-cygwin/newlib/libc/include -B/c/msys64/home/ANDRA/workspace/andraos-newlib/newlib-cygwin/build-newlib/x86_64-andraos/libgloss/x86_64 -L/c/msys64/home/ANDRA/workspace/andraos-newlib/newlib-cygwin/build-newlib/x86_64-andraos/libgloss/libnosys -L/c/msys64/home/ANDRA/workspace/andraos-newlib/newlib-cygwin/libgloss/x86_64    -v >&5
Using built-in specs.
COLLECT_GCC=x86_64-andraos-gcc
COLLECT_LTO_WRAPPER=/opt/andraos/libexec/gcc/x86_64-andraos/15.2.0/lto-wrapper.exe
Target: x86_64-andraos
Configured with: ../gcc/configure --target=x86_64-andraos --prefix=/opt/andraos --with-newlib --enable-languages=c,c++ --disable-nls --disable-shared --disable-multilib --disable-threads --disable-fixincludes --disable-lto --with-sysroot=/opt/andraos/x86_64-andraos --with-native-system-header-dir=/include
Thread model: single
Supported LTO compression algorithms: zlib
gcc version 15.2.0 (GCC) 
configure:3651: $? = 0
configure:3640: x86_64-andraos-gcc -B/c/msys64/home/ANDRA/workspace/andraos-newlib/newlib-cygwin/build-newlib/x86_64-andraos/newlib/ -isystem /c/msys64/home/ANDRA/workspace/andraos-newlib/newlib-cygwin/build-newlib/x86_64-andraos/newlib/targ-include -isystem /c/msys64/home/ANDRA/workspace/andraos-newlib/newlib-cygwin/newlib/libc/include -B/c/msys64/home/ANDRA/workspace/andraos-newlib/newlib-cygwin/build-newlib/x86_64-andraos/libgloss/x86_64 -L/c/msys64/home/ANDRA/workspace/andraos-newlib/newlib-cygwin/build-newlib/x86_64-andraos/libgloss/libnosys -L/c/msys64/home/ANDRA/workspace/andraos-newlib/newlib-cygwin/libgloss/x86_64    -V >&5
x86_64-andraos-gcc: error: unrecognized command-line option '-V'
x86_64-andraos-gcc: fatal error: no input files
compilation terminated.
configure:3651: $? = 1
configure:3640: x86_64-andraos-gcc -B/c/msys64/home/ANDRA/workspace/andraos-newlib/newlib-cygwin/build-newlib/x86_64-andraos/newlib/ -isystem /c/msys64/home/ANDRA/workspace/andraos-newlib/newlib-cygwin/build-newlib/x86_64-andraos/newlib/targ-include -isystem /c/msys64/home/ANDRA/workspace/andraos-newlib/newlib-cygwin/newlib/libc/include -B/c/msys64/home/ANDRA/workspace/andraos-newlib/newlib-cygwin/build-newlib/x86_64-andraos/libgloss/x86_64 -L/c/msys64/home/ANDRA/workspace/andraos-newlib/newlib-cygwin/build-newlib/x86_64-andraos/libgloss/libnosys -L/c/msys64/home/ANDRA/workspace/andraos-newlib/newlib-cygwin/libgloss/x86_64    -qversion >&5
x86_64-andraos-gcc: error: unrecognized command-line option '-qversion'; did you mean '--version'?
x86_64-andraos-gcc: fatal error: no input files
compilation terminated.
configure:3651: $? = 1
configure:3671: x86_64-andraos-gcc -B/c/msys64/home/ANDRA/workspace/andraos-newlib/newlib-cygwin/build-newlib/x86_64-andraos/newlib/ -isystem /c/msys64/home/ANDRA/workspace/andraos-newlib/newlib-cygwin/build-newlib/x86_64-andraos/newlib/targ-include -isystem /c/msys64/home/ANDRA/workspace/andraos-newlib/newlib-cygwin/newlib/libc/include -B/c/msys64/home/ANDRA/workspace/andraos-newlib/newlib-cygwin/build-newlib/x86_64-andraos/libgloss/x86_64 -L/c/msys64/home/ANDRA/workspace/andraos-newlib/newlib-cygwin/build-newlib/x86_64-andraos/libgloss/libnosys -L/c/msys64/home/ANDRA/workspace/andraos-newlib/newlib-cygwin/libgloss/x86_64    -o conftest -g -O2   conftest.c  >&5
/opt/andraos/lib/gcc/x86_64-andraos/15.2.0/../../../../x86_64-andraos/bin/ld: /opt/andraos/lib/gcc/x86_64-andraos/15.2.0/../../../../x86_64-andraos/lib/libc.a(libc_a-closer.o): in function `_close_r':
/c/msys64/home/ANDRA/workspace/build-newlib/x86_64-andraos/newlib/../../../andraos-newlib/newlib-cygwin/newlib/libc/reent/closer.c:45:(.text+0x19): undefined reference to `close'
/opt/andraos/lib/gcc/x86_64-andraos/15.2.0/../../../../x86_64-andraos/bin/ld: /opt/andraos/lib/gcc/x86_64-andraos/15.2.0/../../../../x86_64-andraos/lib/libc.a(libc_a-lseekr.o): in function `_lseek_r':
/c/msys64/home/ANDRA/workspace/build-newlib/x86_64-andraos/newlib/../../../andraos-newlib/newlib-cygwin/newlib/libc/reent/lseekr.c:49:(.text+0x1e): undefined reference to `lseek'
/opt/andraos/lib/gcc/x86_64-andraos/15.2.0/../../../../x86_64-andraos/bin/ld: /opt/andraos/lib/gcc/x86_64-andraos/15.2.0/../../../../x86_64-andraos/lib/libc.a(libc_a-readr.o): in function `_read_r':
/c/msys64/home/ANDRA/workspace/build-newlib/x86_64-andraos/newlib/../../../andraos-newlib/newlib-cygwin/newlib/libc/reent/readr.c:49:(.text+0x1f): undefined reference to `read'
/opt/andraos/lib/gcc/x86_64-andraos/15.2.0/../../../../x86_64-andraos/bin/ld: /opt/andraos/lib/gcc/x86_64-andraos/15.2.0/../../../../x86_64-andraos/lib/libc.a(libc_a-writer.o): in function `_write_r':
/c/msys64/home/ANDRA/workspace/build-newlib/x86_64-andraos/newlib/../../../andraos-newlib/newlib-cygwin/newlib/libc/reent/writer.c:49:(.text+0x1f): undefined reference to `write'
/opt/andraos/lib/gcc/x86_64-andraos/15.2.0/../../../../x86_64-andraos/bin/ld: /opt/andraos/lib/gcc/x86_64-andraos/15.2.0/../../../../x86_64-andraos/lib/libc.a(libc_a-sbrkr.o): in function `_sbrk_r':
/c/msys64/home/ANDRA/workspace/build-newlib/x86_64-andraos/newlib/../../../andraos-newlib/newlib-cygwin/newlib/libc/reent/sbrkr.c:51:(.text+0x1a): undefined reference to `sbrk'
collect2: error: ld returned 1 exit status
configure:3675: $? = 1
configure:3888: checking whether we are cross compiling
configure:3926: result: yes
configure:3930: checking for suffix of object files
configure:3952: x86_64-andraos-gcc -B/c/msys64/home/ANDRA/workspace/andraos-newlib/newlib-cygwin/build-newlib/x86_64-andraos/newlib/ -isystem /c/msys64/home/ANDRA/workspace/andraos-newlib/newlib-cygwin/build-newlib/x86_64-andraos/newlib/targ-include -isystem /c/msys64/home/ANDRA/workspace/andraos-newlib/newlib-cygwin/newlib/libc/include -B/c/msys64/home/ANDRA/workspace/andraos-newlib/newlib-cygwin/build-newlib/x86_64-andraos/libgloss/x86_64 -L/c/msys64/home/ANDRA/workspace/andraos-newlib/newlib-cygwin/build-newlib/x86_64-andraos/libgloss/libnosys -L/c/msys64/home/ANDRA/workspace/andraos-newlib/newlib-cygwin/libgloss/x86_64    -c -g -O2  conftest.c >&5
configure:3956: $? = 0
configure:3977: result: o
configure:3981: checking whether we are using the GNU C compiler
configure:4000: x86_64-andraos-gcc -B/c/msys64/home/ANDRA/workspace/andraos-newlib/newlib-cygwin/build-newlib/x86_64-andraos/newlib/ -isystem /c/msys64/home/ANDRA/workspace/andraos-newlib/newlib-cygwin/build-newlib/x86_64-andraos/newlib/targ-include -isystem /c/msys64/home/ANDRA/workspace/andraos-newlib/newlib-cygwin/newlib/libc/include -B/c/msys64/home/ANDRA/workspace/andraos-newlib/newlib-cygwin/build-newlib/x86_64-andraos/libgloss/x86_64 -L/c/msys64/home/ANDRA/workspace/andraos-newlib/newlib-cygwin/build-newlib/x86_64-andraos/libgloss/libnosys -L/c/msys64/home/ANDRA/workspace/andraos-newlib/newlib-cygwin/libgloss/x86_64    -c -g -O2  conftest.c >&5
configure:4000: $? = 0
configure:4009: result: yes
configure:4018: checking whether x86_64-andraos-gcc -B/c/msys64/home/ANDRA/workspace/andraos-newlib/newlib-cygwin/build-newlib/x86_64-andraos/newlib/ -isystem /c/msys64/home/ANDRA/workspace/andraos-newlib/newlib-cygwin/build-newlib/x86_64-andraos/newlib/targ-include -isystem /c/msys64/home/ANDRA/workspace/andraos-newlib/newlib-cygwin/newlib/libc/include -B/c/msys64/home/ANDRA/workspace/andraos-newlib/newlib-cygwin/build-newlib/x86_64-andraos/libgloss/x86_64 -L/c/msys64/home/ANDRA/workspace/andraos-newlib/newlib-cygwin/build-newlib/x86_64-andraos/libgloss/libnosys -L/c/msys64/home/ANDRA/workspace/andraos-newlib/newlib-cygwin/libgloss/x86_64    accepts -g
configure:4038: x86_64-andraos-gcc -B/c/msys64/home/ANDRA/workspace/andraos-newlib/newlib-cygwin/build-newlib/x86_64-andraos/newlib/ -isystem /c/msys64/home/ANDRA/workspace/andraos-newlib/newlib-cygwin/build-newlib/x86_64-andraos/newlib/targ-include -isystem /c/msys64/home/ANDRA/workspace/andraos-newlib/newlib-cygwin/newlib/libc/include -B/c/msys64/home/ANDRA/workspace/andraos-newlib/newlib-cygwin/build-newlib/x86_64-andraos/libgloss/x86_64 -L/c/msys64/home/ANDRA/workspace/andraos-newlib/newlib-cygwin/build-newlib/x86_64-andraos/libgloss/libnosys -L/c/msys64/home/ANDRA/workspace/andraos-newlib/newlib-cygwin/libgloss/x86_64    -c -g  conftest.c >&5
configure:4038: $? = 0
configure:4079: result: yes
configure:4096: checking for x86_64-andraos-gcc -B/c/msys64/home/ANDRA/workspace/andraos-newlib/newlib-cygwin/build-newlib/x86_64-andraos/newlib/ -isystem /c/msys64/home/ANDRA/workspace/andraos-newlib/newlib-cygwin/build-newlib/x86_64-andraos/newlib/targ-include -isystem /c/msys64/home/ANDRA/workspace/andraos-newlib/newlib-cygwin/newlib/libc/include -B/c/msys64/home/ANDRA/workspace/andraos-newlib/newlib-cygwin/build-newlib/x86_64-andraos/libgloss/x86_64 -L/c/msys64/home/ANDRA/workspace/andraos-newlib/newlib-cygwin/build-newlib/x86_64-andraos/libgloss/libnosys -L/c/msys64/home/ANDRA/workspace/andraos-newlib/newlib-cygwin/libgloss/x86_64    option to accept ISO C89
configure:4159: x86_64-andraos-gcc -B/c/msys64/home/ANDRA/workspace/andraos-newlib/newlib-cygwin/build-newlib/x86_64-andraos/newlib/ -isystem /c/msys64/home/ANDRA/workspace/andraos-newlib/newlib-cygwin/build-newlib/x86_64-andraos/newlib/targ-include -isystem /c/msys64/home/ANDRA/workspace/andraos-newlib/newlib-cygwin/newlib/libc/include -B/c/msys64/home/ANDRA/workspace/andraos-newlib/newlib-cygwin/build-newlib/x86_64-andraos/libgloss/x86_64 -L/c/msys64/home/ANDRA/workspace/andraos-newlib/newlib-cygwin/build-newlib/x86_64-andraos/libgloss/libnosys -L/c/msys64/home/ANDRA/workspace/andraos-newlib/newlib-cygwin/libgloss/x86_64     -c -g -O2  conftest.c >&5
conftest.c: In function 'e':
conftest.c:15:14: warning: old-style function definition [-Wold-style-definition]
   15 | static char *e (p, i)
      |              ^
configure:4159: $? = 0
configure:4172: result: none needed
configure:4197: checking whether x86_64-andraos-gcc -B/c/msys64/home/ANDRA/workspace/andraos-newlib/newlib-cygwin/build-newlib/x86_64-andraos/newlib/ -isystem /c/msys64/home/ANDRA/workspace/andraos-newlib/newlib-cygwin/build-newlib/x86_64-andraos/newlib/targ-include -isystem /c/msys64/home/ANDRA/workspace/andraos-newlib/newlib-cygwin/newlib/libc/include -B/c/msys64/home/ANDRA/workspace/andraos-newlib/newlib-cygwin/build-newlib/x86_64-andraos/libgloss/x86_64 -L/c/msys64/home/ANDRA/workspace/andraos-newlib/newlib-cygwin/build-newlib/x86_64-andraos/libgloss/libnosys -L/c/msys64/home/ANDRA/workspace/andraos-newlib/newlib-cygwin/libgloss/x86_64    understands -c and -o together
configure:4219: x86_64-andraos-gcc -B/c/msys64/home/ANDRA/workspace/andraos-newlib/newlib-cygwin/build-newlib/x86_64-andraos/newlib/ -isystem /c/msys64/home/ANDRA/workspace/andraos-newlib/newlib-cygwin/build-newlib/x86_64-andraos/newlib/targ-include -isystem /c/msys64/home/ANDRA/workspace/andraos-newlib/newlib-cygwin/newlib/libc/include -B/c/msys64/home/ANDRA/workspace/andraos-newlib/newlib-cygwin/build-newlib/x86_64-andraos/libgloss/x86_64 -L/c/msys64/home/ANDRA/workspace/andraos-newlib/newlib-cygwin/build-newlib/x86_64-andraos/libgloss/libnosys -L/c/msys64/home/ANDRA/workspace/andraos-newlib/newlib-cygwin/libgloss/x86_64    -c conftest.c -o conftest2.o
configure:4222: $? = 0
configure:4219: x86_64-andraos-gcc -B/c/msys64/home/ANDRA/workspace/andraos-newlib/newlib-cygwin/build-newlib/x86_64-andraos/newlib/ -isystem /c/msys64/home/ANDRA/workspace/andraos-newlib/newlib-cygwin/build-newlib/x86_64-andraos/newlib/targ-include -isystem /c/msys64/home/ANDRA/workspace/andraos-newlib/newlib-cygwin/newlib/libc/include -B/c/msys64/home/ANDRA/workspace/andraos-newlib/newlib-cygwin/build-newlib/x86_64-andraos/libgloss/x86_64 -L/c/msys64/home/ANDRA/workspace/andraos-newlib/newlib-cygwin/build-newlib/x86_64-andraos/libgloss/libnosys -L/c/msys64/home/ANDRA/workspace/andraos-newlib/newlib-cygwin/libgloss/x86_64    -c conftest.c -o conftest2.o
configure:4222: $? = 0
configure:4234: result: yes
configure:4262: checking for style of include used by make
configure:4290: result: GNU
configure:4316: checking dependency style of x86_64-andraos-gcc -B/c/msys64/home/ANDRA/workspace/andraos-newlib/newlib-cygwin/build-newlib/x86_64-andraos/newlib/ -isystem /c/msys64/home/ANDRA/workspace/andraos-newlib/newlib-cygwin/build-newlib/x86_64-andraos/newlib/targ-include -isystem /c/msys64/home/ANDRA/workspace/andraos-newlib/newlib-cygwin/newlib/libc/include -B/c/msys64/home/ANDRA/workspace/andraos-newlib/newlib-cygwin/build-newlib/x86_64-andraos/libgloss/x86_64 -L/c/msys64/home/ANDRA/workspace/andraos-newlib/newlib-cygwin/build-newlib/x86_64-andraos/libgloss/libnosys -L/c/msys64/home/ANDRA/workspace/andraos-newlib/newlib-cygwin/libgloss/x86_64   
configure:4427: result: gcc3
configure:4451: checking dependency style of x86_64-andraos-gcc -B/c/msys64/home/ANDRA/workspace/andraos-newlib/newlib-cygwin/build-newlib/x86_64-andraos/newlib/ -isystem /c/msys64/home/ANDRA/workspace/andraos-newlib/newlib-cygwin/build-newlib/x86_64-andraos/newlib/targ-include -isystem /c/msys64/home/ANDRA/workspace/andraos-newlib/newlib-cygwin/newlib/libc/include -B/c/msys64/home/ANDRA/workspace/andraos-newlib/newlib-cygwin/build-newlib/x86_64-andraos/libgloss/x86_64 -L/c/msys64/home/ANDRA/workspace/andraos-newlib/newlib-cygwin/build-newlib/x86_64-andraos/libgloss/libnosys -L/c/msys64/home/ANDRA/workspace/andraos-newlib/newlib-cygwin/libgloss/x86_64   
configure:4560: result: gcc3
configure:4581: checking for x86_64-andraos-ar
configure:4608: result: x86_64-andraos-ar
configure:4678: checking the archiver (x86_64-andraos-ar) interface
configure:4694: x86_64-andraos-gcc -B/c/msys64/home/ANDRA/workspace/andraos-newlib/newlib-cygwin/build-newlib/x86_64-andraos/newlib/ -isystem /c/msys64/home/ANDRA/workspace/andraos-newlib/newlib-cygwin/build-newlib/x86_64-andraos/newlib/targ-include -isystem /c/msys64/home/ANDRA/workspace/andraos-newlib/newlib-cygwin/newlib/libc/include -B/c/msys64/home/ANDRA/workspace/andraos-newlib/newlib-cygwin/build-newlib/x86_64-andraos/libgloss/x86_64 -L/c/msys64/home/ANDRA/workspace/andraos-newlib/newlib-cygwin/build-newlib/x86_64-andraos/libgloss/libnosys -L/c/msys64/home/ANDRA/workspace/andraos-newlib/newlib-cygwin/libgloss/x86_64    -c -g -O2  conftest.c >&5
configure:4694: $? = 0
configure:4696: x86_64-andraos-ar cru libconftest.a conftest.o >&5
configure:4699: $? = 0
configure:4727: result: ar
configure:4752: checking for x86_64-andraos-ranlib
configure:4779: result: x86_64-andraos-ranlib
configure:4844: checking for x86_64-andraos-objcopy
configure:4871: result: x86_64-andraos-objcopy
configure:4936: checking for x86_64-andraos-objdump
configure:4963: result: x86_64-andraos-objdump
configure:5035: checking how to run the C preprocessor
configure:5066: x86_64-andraos-gcc -B/c/msys64/home/ANDRA/workspace/andraos-newlib/newlib-cygwin/build-newlib/x86_64-andraos/newlib/ -isystem /c/msys64/home/ANDRA/workspace/andraos-newlib/newlib-cygwin/build-newlib/x86_64-andraos/newlib/targ-include -isystem /c/msys64/home/ANDRA/workspace/andraos-newlib/newlib-cygwin/newlib/libc/include -B/c/msys64/home/ANDRA/workspace/andraos-newlib/newlib-cygwin/build-newlib/x86_64-andraos/libgloss/x86_64 -L/c/msys64/home/ANDRA/workspace/andraos-newlib/newlib-cygwin/build-newlib/x86_64-andraos/libgloss/libnosys -L/c/msys64/home/ANDRA/workspace/andraos-newlib/newlib-cygwin/libgloss/x86_64    -E  conftest.c
configure:5066: $? = 0
configure:5080: x86_64-andraos-gcc -B/c/msys64/home/ANDRA/workspace/andraos-newlib/newlib-cygwin/build-newlib/x86_64-andraos/newlib/ -isystem /c/msys64/home/ANDRA/workspace/andraos-newlib/newlib-cygwin/build-newlib/x86_64-andraos/newlib/targ-include -isystem /c/msys64/home/ANDRA/workspace/andraos-newlib/newlib-cygwin/newlib/libc/include -B/c/msys64/home/ANDRA/workspace/andraos-newlib/newlib-cygwin/build-newlib/x86_64-andraos/libgloss/x86_64 -L/c/msys64/home/ANDRA/workspace/andraos-newlib/newlib-cygwin/build-newlib/x86_64-andraos/libgloss/libnosys -L/c/msys64/home/ANDRA/workspace/andraos-newlib/newlib-cygwin/libgloss/x86_64    -E  conftest.c
conftest.c:10:10: fatal error: ac_nonexistent.h: No such file or directory
   10 | #include <ac_nonexistent.h>
      |          ^~~~~~~~~~~~~~~~~~
compilation terminated.
configure:5080: $? = 1
configure: failed program was:
| /* confdefs.h */
| #define PACKAGE_NAME "libgloss"
| #define PACKAGE_TARNAME "libgloss"
| #define PACKAGE_VERSION "LIBGLOSS_VERSION"
| #define PACKAGE_STRING "libgloss LIBGLOSS_VERSION"
| #define PACKAGE_BUGREPORT ""
| #define PACKAGE_URL ""
| #define HAVE_GNU_LD 1
| /* end confdefs.h.  */
| #include <ac_nonexistent.h>
configure:5105: result: x86_64-andraos-gcc -B/c/msys64/home/ANDRA/workspace/andraos-newlib/newlib-cygwin/build-newlib/x86_64-andraos/newlib/ -isystem /c/msys64/home/ANDRA/workspace/andraos-newlib/newlib-cygwin/build-newlib/x86_64-andraos/newlib/targ-include -isystem /c/msys64/home/ANDRA/workspace/andraos-newlib/newlib-cygwin/newlib/libc/include -B/c/msys64/home/ANDRA/workspace/andraos-newlib/newlib-cygwin/build-newlib/x86_64-andraos/libgloss/x86_64 -L/c/msys64/home/ANDRA/workspace/andraos-newlib/newlib-cygwin/build-newlib/x86_64-andraos/libgloss/libnosys -L/c/msys64/home/ANDRA/workspace/andraos-newlib/newlib-cygwin/libgloss/x86_64    -E
configure:5125: x86_64-andraos-gcc -B/c/msys64/home/ANDRA/workspace/andraos-newlib/newlib-cygwin/build-newlib/x86_64-andraos/newlib/ -isystem /c/msys64/home/ANDRA/workspace/andraos-newlib/newlib-cygwin/build-newlib/x86_64-andraos/newlib/targ-include -isystem /c/msys64/home/ANDRA/workspace/andraos-newlib/newlib-cygwin/newlib/libc/include -B/c/msys64/home/ANDRA/workspace/andraos-newlib/newlib-cygwin/build-newlib/x86_64-andraos/libgloss/x86_64 -L/c/msys64/home/ANDRA/workspace/andraos-newlib/newlib-cygwin/build-newlib/x86_64-andraos/libgloss/libnosys -L/c/msys64/home/ANDRA/workspace/andraos-newlib/newlib-cygwin/libgloss/x86_64    -E  conftest.c
configure:5125: $? = 0
configure:5139: x86_64-andraos-gcc -B/c/msys64/home/ANDRA/workspace/andraos-newlib/newlib-cygwin/build-newlib/x86_64-andraos/newlib/ -isystem /c/msys64/home/ANDRA/workspace/andraos-newlib/newlib-cygwin/build-newlib/x86_64-andraos/newlib/targ-include -isystem /c/msys64/home/ANDRA/workspace/andraos-newlib/newlib-cygwin/newlib/libc/include -B/c/msys64/home/ANDRA/workspace/andraos-newlib/newlib-cygwin/build-newlib/x86_64-andraos/libgloss/x86_64 -L/c/msys64/home/ANDRA/workspace/andraos-newlib/newlib-cygwin/build-newlib/x86_64-andraos/libgloss/libnosys -L/c/msys64/home/ANDRA/workspace/andraos-newlib/newlib-cygwin/libgloss/x86_64    -E  conftest.c
conftest.c:10:10: fatal error: ac_nonexistent.h: No such file or directory
   10 | #include <ac_nonexistent.h>
      |          ^~~~~~~~~~~~~~~~~~
compilation terminated.
configure:5139: $? = 1
configure: failed program was:
| /* confdefs.h */
| #define PACKAGE_NAME "libgloss"
| #define PACKAGE_TARNAME "libgloss"
| #define PACKAGE_VERSION "LIBGLOSS_VERSION"
| #define PACKAGE_STRING "libgloss LIBGLOSS_VERSION"
| #define PACKAGE_BUGREPORT ""
| #define PACKAGE_URL ""
| #define HAVE_GNU_LD 1
| /* end confdefs.h.  */
| #include <ac_nonexistent.h>
configure:5168: checking if target is ELF
configure:5187: x86_64-andraos-gcc -B/c/msys64/home/ANDRA/workspace/andraos-newlib/newlib-cygwin/build-newlib/x86_64-andraos/newlib/ -isystem /c/msys64/home/ANDRA/workspace/andraos-newlib/newlib-cygwin/build-newlib/x86_64-andraos/newlib/targ-include -isystem /c/msys64/home/ANDRA/workspace/andraos-newlib/newlib-cygwin/newlib/libc/include -B/c/msys64/home/ANDRA/workspace/andraos-newlib/newlib-cygwin/build-newlib/x86_64-andraos/libgloss/x86_64 -L/c/msys64/home/ANDRA/workspace/andraos-newlib/newlib-cygwin/build-newlib/x86_64-andraos/libgloss/libnosys -L/c/msys64/home/ANDRA/workspace/andraos-newlib/newlib-cygwin/libgloss/x86_64    -E  conftest.c
configure:5187: $? = 0
configure:5195: result: yes
configure:5203: checking for .previous assembler directive
configure:5214: x86_64-andraos-gcc -B/c/msys64/home/ANDRA/workspace/andraos-newlib/newlib-cygwin/build-newlib/x86_64-andraos/newlib/ -isystem /c/msys64/home/ANDRA/workspace/andraos-newlib/newlib-cygwin/build-newlib/x86_64-andraos/newlib/targ-include -isystem /c/msys64/home/ANDRA/workspace/andraos-newlib/newlib-cygwin/newlib/libc/include -B/c/msys64/home/ANDRA/workspace/andraos-newlib/newlib-cygwin/build-newlib/x86_64-andraos/libgloss/x86_64 -L/c/msys64/home/ANDRA/workspace/andraos-newlib/newlib-cygwin/build-newlib/x86_64-andraos/libgloss/libnosys -L/c/msys64/home/ANDRA/workspace/andraos-newlib/newlib-cygwin/libgloss/x86_64    -c -g -O2 conftest.s 1>&5
configure:5217: $? = 0
configure:5223: result: yes
configure:5231: checking for .popsection assembler directive
configure:5242: x86_64-andraos-gcc -B/c/msys64/home/ANDRA/workspace/andraos-newlib/newlib-cygwin/build-newlib/x86_64-andraos/newlib/ -isystem /c/msys64/home/ANDRA/workspace/andraos-newlib/newlib-cygwin/build-newlib/x86_64-andraos/newlib/targ-include -isystem /c/msys64/home/ANDRA/workspace/andraos-newlib/newlib-cygwin/newlib/libc/include -B/c/msys64/home/ANDRA/workspace/andraos-newlib/newlib-cygwin/build-newlib/x86_64-andraos/libgloss/x86_64 -L/c/msys64/home/ANDRA/workspace/andraos-newlib/newlib-cygwin/build-newlib/x86_64-andraos/libgloss/libnosys -L/c/msys64/home/ANDRA/workspace/andraos-newlib/newlib-cygwin/libgloss/x86_64    -c -g -O2 conftest.s 1>&5
configure:5245: $? = 0
configure:5251: result: yes
configure:5259: checking for section attributes
configure:5270: x86_64-andraos-gcc -B/c/msys64/home/ANDRA/workspace/andraos-newlib/newlib-cygwin/build-newlib/x86_64-andraos/newlib/ -isystem /c/msys64/home/ANDRA/workspace/andraos-newlib/newlib-cygwin/build-newlib/x86_64-andraos/newlib/targ-include -isystem /c/msys64/home/ANDRA/workspace/andraos-newlib/newlib-cygwin/newlib/libc/include -B/c/msys64/home/ANDRA/workspace/andraos-newlib/newlib-cygwin/build-newlib/x86_64-andraos/libgloss/x86_64 -L/c/msys64/home/ANDRA/workspace/andraos-newlib/newlib-cygwin/build-newlib/x86_64-andraos/libgloss/libnosys -L/c/msys64/home/ANDRA/workspace/andraos-newlib/newlib-cygwin/libgloss/x86_64    -c -g -O2 conftest.c 1>&5
configure:5273: $? = 0
configure:5279: result: yes
configure:5287: checking for symbol prefix
configure:5297: x86_64-andraos-gcc -B/c/msys64/home/ANDRA/workspace/andraos-newlib/newlib-cygwin/build-newlib/x86_64-andraos/newlib/ -isystem /c/msys64/home/ANDRA/workspace/andraos-newlib/newlib-cygwin/build-newlib/x86_64-andraos/newlib/targ-include -isystem /c/msys64/home/ANDRA/workspace/andraos-newlib/newlib-cygwin/newlib/libc/include -B/c/msys64/home/ANDRA/workspace/andraos-newlib/newlib-cygwin/build-newlib/x86_64-andraos/libgloss/x86_64 -L/c/msys64/home/ANDRA/workspace/andraos-newlib/newlib-cygwin/build-newlib/x86_64-andraos/libgloss/libnosys -L/c/msys64/home/ANDRA/workspace/andraos-newlib/newlib-cygwin/libgloss/x86_64    -S conftest.c -o - | fgrep $foo > /dev/null
conftest.c:1:1: error: return type defaults to 'int' [-Wimplicit-int]
    1 | foo () { }
      | ^~~
configure:5300: $? = 1
configure:5305: x86_64-andraos-gcc -B/c/msys64/home/ANDRA/workspace/andraos-newlib/newlib-cygwin/build-newlib/x86_64-andraos/newlib/ -isystem /c/msys64/home/ANDRA/workspace/andraos-newlib/newlib-cygwin/build-newlib/x86_64-andraos/newlib/targ-include -isystem /c/msys64/home/ANDRA/workspace/andraos-newlib/newlib-cygwin/newlib/libc/include -B/c/msys64/home/ANDRA/workspace/andraos-newlib/newlib-cygwin/build-newlib/x86_64-andraos/libgloss/x86_64 -L/c/msys64/home/ANDRA/workspace/andraos-newlib/newlib-cygwin/build-newlib/x86_64-andraos/libgloss/libnosys -L/c/msys64/home/ANDRA/workspace/andraos-newlib/newlib-cygwin/libgloss/x86_64    -S conftest.c -o - | fgrep _foo > /dev/null
conftest.c:1:1: error: return type defaults to 'int' [-Wimplicit-int]
    1 | foo () { }
      | ^~~
configure:5308: $? = 1
configure:5315: result: 
configure:5611: checking for compiler search settings
configure:5627: result:  -isystem /opt/andraos/lib/gcc/x86_64-andraos/15.2.0/include -isystem /opt/andraos/lib/gcc/x86_64-andraos/15.2.0/include-fixed
configure:5746: updating cache ./config.cache
configure:5794: checking that generated files are newer than configure
configure:5800: result: done
configure:6035: creating ./config.status

## ---------------------- ##
## Running config.status. ##
## ---------------------- ##

This file was extended by libgloss config.status LIBGLOSS_VERSION, which was
generated by GNU Autoconf 2.69.  Invocation command line was

  CONFIG_FILES    = 
  CONFIG_HEADERS  = 
  CONFIG_LINKS    = 
  CONFIG_COMMANDS = 
  $ ./config.status 

on VICTUS-15

config.status:1060: creating Makefile
config.status:1060: creating config.h
config.status:1279: executing depfiles commands
config.status:1279: executing default-1 commands
config.status:1279: executing default-2 commands

## ---------------- ##
## Cache variables. ##
## ---------------- ##

ac_cv_build=x86_64-pc-cygwin
ac_cv_c_compiler_gnu=yes
ac_cv_env_CCASFLAGS_set=
ac_cv_env_CCASFLAGS_value=
ac_cv_env_CCAS_set=
ac_cv_env_CCAS_value=
ac_cv_env_CC_set=set
ac_cv_env_CC_value='x86_64-andraos-gcc -B/c/msys64/home/ANDRA/workspace/andraos-newlib/newlib-cygwin/build-newlib/x86_64-andraos/newlib/ -isystem /c/msys64/home/ANDRA/workspace/andraos-newlib/newlib-cygwin/build-newlib/x86_64-andraos/newlib/targ-include -isystem /c/msys64/home/ANDRA/workspace/andraos-newlib/newlib-cygwin/newlib/libc/include -B/c/msys64/home/ANDRA/workspace/andraos-newlib/newlib-cygwin/build-newlib/x86_64-andraos/libgloss/x86_64 -L/c/msys64/home/ANDRA/workspace/andraos-newlib/newlib-cygwin/build-newlib/x86_64-andraos/libgloss/libnosys -L/c/msys64/home/ANDRA/workspace/andraos-newlib/newlib-cygwin/libgloss/x86_64   '
ac_cv_env_CFLAGS_set=set
ac_cv_env_CFLAGS_value='-g -O2'
ac_cv_env_CPPFLAGS_set=set
ac_cv_env_CPPFLAGS_value=
ac_cv_env_CPP_set=
ac_cv_env_CPP_value=
ac_cv_env_LDFLAGS_set=set
ac_cv_env_LDFLAGS_value=
ac_cv_env_LIBS_set=
ac_cv_env_LIBS_value=
ac_cv_env_build_alias_set=set
ac_cv_env_build_alias_value=x86_64-pc-cygwin
ac_cv_env_host_alias_set=set
ac_cv_env_host_alias_value=x86_64-andraos
ac_cv_env_target_alias_set=set
ac_cv_env_target_alias_value=x86_64-andraos
ac_cv_host=x86_64-pc-andraos
ac_cv_objext=o
ac_cv_path_mkdir=/usr/bin/mkdir
ac_cv_prog_AR=x86_64-andraos-ar
ac_cv_prog_AWK=gawk
ac_cv_prog_CC='x86_64-andraos-gcc -B/c/msys64/home/ANDRA/workspace/andraos-newlib/newlib-cygwin/build-newlib/x86_64-andraos/newlib/ -isystem /c/msys64/home/ANDRA/workspace/andraos-newlib/newlib-cygwin/build-newlib/x86_64-andraos/newlib/targ-include -isystem /c/msys64/home/ANDRA/workspace/andraos-newlib/newlib-cygwin/newlib/libc/include -B/c/msys64/home/ANDRA/workspace/andraos-newlib/newlib-cygwin/build-newlib/x86_64-andraos/libgloss/x86_64 -L/c/msys64/home/ANDRA/workspace/andraos-newlib/newlib-cygwin/build-newlib/x86_64-andraos/libgloss/libnosys -L/c/msys64/home/ANDRA/workspace/andraos-newlib/newlib-cygwin/libgloss/x86_64   '
ac_cv_prog_CPP='x86_64-andraos-gcc -B/c/msys64/home/ANDRA/workspace/andraos-newlib/newlib-cygwin/build-newlib/x86_64-andraos/newlib/ -isystem /c/msys64/home/ANDRA/workspace/andraos-newlib/newlib-cygwin/build-newlib/x86_64-andraos/newlib/targ-include -isystem /c/msys64/home/ANDRA/workspace/andraos-newlib/newlib-cygwin/newlib/libc/include -B/c/msys64/home/ANDRA/workspace/andraos-newlib/newlib-cygwin/build-newlib/x86_64-andraos/libgloss/x86_64 -L/c/msys64/home/ANDRA/workspace/andraos-newlib/newlib-cygwin/build-newlib/x86_64-andraos/libgloss/libnosys -L/c/msys64/home/ANDRA/workspace/andraos-newlib/newlib-cygwin/libgloss/x86_64    -E'
ac_cv_prog_OBJCOPY=x86_64-andraos-objcopy
ac_cv_prog_OBJDUMP=x86_64-andraos-objdump
ac_cv_prog_RANLIB=x86_64-andraos-ranlib
ac_cv_prog_STRIP=x86_64-andraos-strip
ac_cv_prog_cc_c89=
ac_cv_prog_cc_g=yes
ac_cv_prog_make_make_set=yes
ac_cv_target=x86_64-pc-andraos
am_cv_CCAS_dependencies_compiler_type=gcc3
am_cv_CC_dependencies_compiler_type=gcc3
am_cv_ar_interface=ar
am_cv_make_support_nested_variables=yes
am_cv_prog_cc_c_o=yes
libc_cv_asm_popsection_directive=yes
libc_cv_asm_previous_directive=yes
libc_cv_compiler_isystem=' -isystem /opt/andraos/lib/gcc/x86_64-andraos/15.2.0/include -isystem /opt/andraos/lib/gcc/x86_64-andraos/15.2.0/include-fixed'
libc_cv_is_elf=yes
libc_cv_section_attributes=yes
libc_cv_symbol_prefix=

## ----------------- ##
## Output variables. ##
## ----------------- ##

AARCH64_OBJTYPE=''
ACLOCAL='${SHELL} /c/msys64/home/ANDRA/workspace/andraos-newlib/newlib-cygwin/missing aclocal-1.15'
AMDEPBACKSLASH='\'
AMDEP_FALSE='#'
AMDEP_TRUE=''
AMTAR='$${TAR-tar}'
AM_BACKSLASH='\'
AM_DEFAULT_V='$(AM_DEFAULT_VERBOSITY)'
AM_DEFAULT_VERBOSITY='0'
AM_V='$(V)'
AR='x86_64-andraos-ar'
ARM_OBJTYPE=''
AUTOCONF='${SHELL} /c/msys64/home/ANDRA/workspace/andraos-newlib/newlib-cygwin/missing autoconf'
AUTOHEADER='${SHELL} /c/msys64/home/ANDRA/workspace/andraos-newlib/newlib-cygwin/missing autoheader'
AUTOMAKE='${SHELL} /c/msys64/home/ANDRA/workspace/andraos-newlib/newlib-cygwin/missing automake-1.15'
AWK='gawk'
CC='x86_64-andraos-gcc -B/c/msys64/home/ANDRA/workspace/andraos-newlib/newlib-cygwin/build-newlib/x86_64-andraos/newlib/ -isystem /c/msys64/home/ANDRA/workspace/andraos-newlib/newlib-cygwin/build-newlib/x86_64-andraos/newlib/targ-include -isystem /c/msys64/home/ANDRA/workspace/andraos-newlib/newlib-cygwin/newlib/libc/include -B/c/msys64/home/ANDRA/workspace/andraos-newlib/newlib-cygwin/build-newlib/x86_64-andraos/libgloss/x86_64 -L/c/msys64/home/ANDRA/workspace/andraos-newlib/newlib-cygwin/build-newlib/x86_64-andraos/libgloss/libnosys -L/c/msys64/home/ANDRA/workspace/andraos-newlib/newlib-cygwin/libgloss/x86_64    -nostdinc  -isystem /opt/andraos/lib/gcc/x86_64-andraos/15.2.0/include -isystem /opt/andraos/lib/gcc/x86_64-andraos/15.2.0/include-fixed'
CCAS='x86_64-andraos-gcc -B/c/msys64/home/ANDRA/workspace/andraos-newlib/newlib-cygwin/build-newlib/x86_64-andraos/newlib/ -isystem /c/msys64/home/ANDRA/workspace/andraos-newlib/newlib-cygwin/build-newlib/x86_64-andraos/newlib/targ-include -isystem /c/msys64/home/ANDRA/workspace/andraos-newlib/newlib-cygwin/newlib/libc/include -B/c/msys64/home/ANDRA/workspace/andraos-newlib/newlib-cygwin/build-newlib/x86_64-andraos/libgloss/x86_64 -L/c/msys64/home/ANDRA/workspace/andraos-newlib/newlib-cygwin/build-newlib/x86_64-andraos/libgloss/libnosys -L/c/msys64/home/ANDRA/workspace/andraos-newlib/newlib-cygwin/libgloss/x86_64   '
CCASDEPMODE='depmode=gcc3'
CCASFLAGS='-g -O2'
CCDEPMODE='depmode=gcc3'
CFLAGS='-g -O2'
CONFIG_AARCH64_FALSE=''
CONFIG_AARCH64_TRUE='#'
CONFIG_ARC64_FALSE=''
CONFIG_ARC64_TRUE='#'
CONFIG_ARC_FALSE=''
CONFIG_ARC_TRUE='#'
CONFIG_ARM_FALSE=''
CONFIG_ARM_TRUE='#'
CONFIG_BFIN_FALSE=''
CONFIG_BFIN_TRUE='#'
CONFIG_CR16_FALSE=''
CONFIG_CR16_TRUE='#'
CONFIG_CSKY_FALSE=''
CONFIG_CSKY_TRUE='#'
CONFIG_D30V_FALSE=''
CONFIG_D30V_TRUE='#'
CONFIG_EPIPHANY_FALSE=''
CONFIG_EPIPHANY_TRUE='#'
CONFIG_FR30_FALSE=''
CONFIG_FR30_TRUE='#'
CONFIG_FRV_FALSE=''
CONFIG_FRV_TRUE='#'
CONFIG_FT32_FALSE=''
CONFIG_FT32_TRUE='#'
CONFIG_I386_FALSE=''
CONFIG_I386_TRUE='#'
CONFIG_I960_FALSE=''
CONFIG_I960_TRUE='#'
CONFIG_IQ2000_FALSE=''
CONFIG_IQ2000_TRUE='#'
CONFIG_LIBNOSYS_FALSE='#'
CONFIG_LIBNOSYS_TRUE=''
CONFIG_LM32_FALSE=''
CONFIG_LM32_TRUE='#'
CONFIG_M32R_FALSE=''
CONFIG_M32R_TRUE='#'
CONFIG_MCORE_FALSE=''
CONFIG_MCORE_TRUE='#'
CONFIG_MICROBLAZE_FALSE=''
CONFIG_MICROBLAZE_TRUE='#'
CONFIG_MN10200_FALSE=''
CONFIG_MN10200_TRUE='#'
CONFIG_MN10300_FALSE=''
CONFIG_MN10300_TRUE='#'
CONFIG_MOXIE_FALSE=''
CONFIG_MOXIE_TRUE='#'
CONFIG_MSP430_FALSE=''
CONFIG_MSP430_TRUE='#'
CONFIG_NDS32_FALSE=''
CONFIG_NDS32_TRUE='#'
CONFIG_NIOS2_FALSE=''
CONFIG_NIOS2_TRUE='#'
CONFIG_OR1K_FALSE=''
CONFIG_OR1K_TRUE='#'
CONFIG_PRU_FALSE=''
CONFIG_PRU_TRUE='#'
CONFIG_RISCV_FALSE=''
CONFIG_RISCV_TRUE='#'
CONFIG_RL78_FALSE=''
CONFIG_RL78_TRUE='#'
CONFIG_RX_FALSE=''
CONFIG_RX_TRUE='#'
CONFIG_SPARC_FALSE=''
CONFIG_SPARC_LEON_FALSE=''
CONFIG_SPARC_LEON_TRUE='#'
CONFIG_SPARC_TRUE='#'
CONFIG_TIC6X_FALSE=''
CONFIG_TIC6X_TRUE='#'
CONFIG_V850_FALSE=''
CONFIG_V850_TRUE='#'
CONFIG_VISIUM_FALSE=''
CONFIG_VISIUM_TRUE='#'
CONFIG_WINCE_FALSE=''
CONFIG_WINCE_TRUE='#'
CONFIG_XSTORMY16_FALSE=''
CONFIG_XSTORMY16_TRUE='#'
CONFIG_XTENSA_FALSE=''
CONFIG_XTENSA_TRUE='#'
CPP='x86_64-andraos-gcc -B/c/msys64/home/ANDRA/workspace/andraos-newlib/newlib-cygwin/build-newlib/x86_64-andraos/newlib/ -isystem /c/msys64/home/ANDRA/workspace/andraos-newlib/newlib-cygwin/build-newlib/x86_64-andraos/newlib/targ-include -isystem /c/msys64/home/ANDRA/workspace/andraos-newlib/newlib-cygwin/newlib/libc/include -B/c/msys64/home/ANDRA/workspace/andraos-newlib/newlib-cygwin/build-newlib/x86_64-andraos/libgloss/x86_64 -L/c/msys64/home/ANDRA/workspace/andraos-newlib/newlib-cygwin/build-newlib/x86_64-andraos/libgloss/libnosys -L/c/msys64/home/ANDRA/workspace/andraos-newlib/newlib-cygwin/libgloss/x86_64    -E'
CPPFLAGS=''
CYGPATH_W='cygpath -w'
DEFS='-DHAVE_CONFIG_H'
DEPDIR='.deps'
ECHO_C=''
ECHO_N='-n'
ECHO_T=''
EXEEXT=''
HAVE_DOC_FALSE='#'
HAVE_DOC_TRUE=''
HAVE_MULTISUBDIR_FALSE=''
HAVE_MULTISUBDIR_TRUE='#'
HAVE_XTENSA_BOARD_ESP32S3_FALSE=''
HAVE_XTENSA_BOARD_ESP32S3_TRUE='#'
HAVE_XTENSA_BOARD_ESP32_FALSE=''
HAVE_XTENSA_BOARD_ESP32_TRUE='#'
HAVE_XTENSA_BOARD_ESP_FALSE=''
HAVE_XTENSA_BOARD_ESP_TRUE='#'
I386_CPPFLAGS=''
INSTALL_DATA='/usr/bin/install -c -m 644'
INSTALL_PROGRAM='/usr/bin/install -c'
INSTALL_SCRIPT='/usr/bin/install -c'
INSTALL_STRIP_PROGRAM='$(install_sh) -c -s'
LD='x86_64-andraos-ld'
LDFLAGS=''
LIBOBJS=''
LIBS=''
LTLIBOBJS=''
M68K_TARGET='m68k'
MAINT='#'
MAINTAINER_MODE_FALSE=''
MAINTAINER_MODE_TRUE='#'
MAKEINFO='makeinfo --split-size=5000000'
MAY_SUPPLY_SYSCALLS_FALSE=''
MAY_SUPPLY_SYSCALLS_TRUE='#'
MCORE_BUILD_ELF_FALSE=''
MCORE_BUILD_ELF_TRUE='#'
MCORE_BUILD_PE_FALSE=''
MCORE_BUILD_PE_TRUE='#'
MIPS_BSP_LIST=''
MIPS_CRT0='crt0.o'
MIPS_PART_SPECIFIC_DEFINES=''
MIPS_PART_SPECIFIC_OBJ=''
MIPS_SCRIPT_LIST=''
MKDIR_P='/usr/bin/mkdir -p'
MN10300_BUILD_LIBCYGMON_FALSE=''
MN10300_BUILD_LIBCYGMON_TRUE='#'
MOXIE_BUILD_CRT0_FALSE='#'
MOXIE_BUILD_CRT0_TRUE=''
OBJCOPY='x86_64-andraos-objcopy'
OBJDUMP='x86_64-andraos-objdump'
OBJEXT='o'
PACKAGE='libgloss'
PACKAGE_BUGREPORT=''
PACKAGE_NAME='libgloss'
PACKAGE_STRING='libgloss LIBGLOSS_VERSION'
PACKAGE_TARNAME='libgloss'
PACKAGE_URL=''
PACKAGE_VERSION='LIBGLOSS_VERSION'
PATH_SEPARATOR=':'
RANLIB='x86_64-andraos-ranlib'
SET_MAKE=''
SHELL='/bin/sh'
SPARC_BUILD_CYGMON_FALSE='#'
SPARC_BUILD_CYGMON_TRUE=''
SPARC_BUILD_SLITE_FALSE=''
SPARC_BUILD_SLITE_TRUE='#'
SPARC_BUILD_SPLET_FALSE=''
SPARC_BUILD_SPLET_TRUE='#'
SPARC_CPU='SPARC'
SPARC_CYGMONLDSCRIPTTEMPL='cygmon.ld.src'
STRIP='x86_64-andraos-strip'
VERSION='LIBGLOSS_VERSION'
XTENSA_BOARD_ESP='unknown'
ac_ct_AR=''
ac_ct_CC=''
am__EXEEXT_FALSE=''
am__EXEEXT_TRUE='#'
am__fastdepCCAS_FALSE='#'
am__fastdepCCAS_TRUE=''
am__fastdepCC_FALSE='#'
am__fastdepCC_TRUE=''
am__include='include'
am__isrc=' -I$(srcdir)'
am__leading_dot='.'
am__nodep='_no'
am__quote=''
am__tar='$${TAR-tar} chof - "$$tardir"'
am__untar='$${TAR-tar} xf -'
bindir='${exec_prefix}/bin'
build='x86_64-pc-cygwin'
build_alias='x86_64-pc-cygwin'
build_cpu='x86_64'
build_os='cygwin'
build_vendor='pc'
datadir='${datarootdir}'
datarootdir='${prefix}/share'
docdir='${datarootdir}/doc/${PACKAGE_TARNAME}'
dvidir='${docdir}'
exec_prefix='${prefix}'
host='x86_64-pc-andraos'
host_alias='x86_64-andraos'
host_cpu='x86_64'
host_makefile_frag_path='../../../libgloss/config/default.mh'
host_os='andraos'
host_vendor='pc'
htmldir='${docdir}'
includedir='${prefix}/include'
infodir='${datarootdir}/info'
install_sh='${SHELL} /c/msys64/home/ANDRA/workspace/andraos-newlib/newlib-cygwin/install-sh'
libdir='${exec_prefix}/lib'
libexecdir='${exec_prefix}/libexec'
localedir='${datarootdir}/locale'
localstatedir='${prefix}/var'
mandir='${datarootdir}/man'
mkdir_p='$(MKDIR_P)'
multi_basedir='../../../libgloss/..'
oldincludedir='/usr/include'
pdfdir='${docdir}'
prefix='/opt/andraos'
program_transform_name='s&^&x86_64-andraos-&'
psdir='${docdir}'
sbindir='${exec_prefix}/sbin'
sharedstatedir='${prefix}/com'
subdirs=''
sysconfdir='${prefix}/etc'
target='x86_64-pc-andraos'
target_alias='x86_64-andraos'
target_cpu='x86_64'
target_makefile_frag_path='../../../libgloss/config/default.mt'
target_os='andraos'
target_vendor='pc'

## ------------------- ##
## File substitutions. ##
## ------------------- ##

host_makefile_frag='../../../libgloss/config/default.mh'
target_makefile_frag='../../../libgloss/config/default.mt'

## ----------- ##
## confdefs.h. ##
## ----------- ##

/* confdefs.h */
#define PACKAGE_NAME "libgloss"
#define PACKAGE_TARNAME "libgloss"
#define PACKAGE_VERSION "LIBGLOSS_VERSION"
#define PACKAGE_STRING "libgloss LIBGLOSS_VERSION"
#define PACKAGE_BUGREPORT ""
#define PACKAGE_URL ""
#define HAVE_GNU_LD 1
#define HAVE_ELF 1
#define HAVE_ASM_PREVIOUS_DIRECTIVE 1
#define HAVE_ASM_POPSECTION_DIRECTIVE 1
#define HAVE_SECTION_ATTRIBUTES 1
#define __SYMBOL_PREFIX ""
#define MISSING_SYSCALL_NAMES 1

configure: exit 0
